2024-05-12 11:55:31,502 [INFO] Activator:176 - 


2024-05-12 11:55:31,513 [INFO] Activator:177 - !SESSION log4j initialized
2024-05-12 11:56:26,673 [INFO] LogOutputStream:77 - [STDOUT_REDIRECT] 
2024-05-12 11:57:13,806 [INFO] ApplicationProperties:184 - Using Application install path: C:\ST\STM32CubeIDE_1.15.0\STM32CubeIDE\plugins\com.st.stm32cube.common.mx_6.11.0.202403141607
2024-05-12 11:57:13,837 [INFO] DbMcusXml:78 - Set database path to: C:\ST\STM32CubeIDE_1.15.0\STM32CubeIDE\plugins\com.st.stm32cube.common.mx_6.11.0.202403141607\\db\/mcu/
2024-05-12 11:57:13,838 [INFO] ApiDb:274 - Set plugin database path to: C:\ST\STM32CubeIDE_1.15.0\STM32CubeIDE\plugins\com.st.stm32cube.common.mx_6.11.0.202403141607\\db\/plugins/boardmanager/
2024-05-12 11:57:13,839 [WARN] ApiDb:259 - Overriding images path with different value:  => C:\ST\STM32CubeIDE_1.15.0\STM32CubeIDE\plugins\com.st.stm32cube.common.mx_6.11.0.202403141607\\db\/plugins/mcufinder/images/
2024-05-12 11:57:13,852 [INFO] ApiDb:250 - Set database path to: C:\Users\mouns\.stmcufinder\plugins\mcufinder//mcu/
2024-05-12 11:57:13,855 [INFO] DbMcusAds:125 - Set database path to: C:\Users\mouns\.stmcufinder\plugins\mcufinder//mcu/
2024-05-12 11:57:13,870 [INFO] CrossReferenceDbSqlite:203 - Set database path to: C:\Users\mouns\.stmcufinder\plugins\mcufinder//mcu/cs/
2024-05-12 11:57:14,161 [INFO] RulesReader:64 - Compatibility file has been processed (297 Rules)
2024-05-12 11:57:14,676 [INFO] DbMcusXml:78 - Set database path to: C:\ST\STM32CubeIDE_1.15.0\STM32CubeIDE\plugins\com.st.stm32cube.common.mx_6.11.0.202403141607\\db\/mcu/
2024-05-12 11:57:14,676 [INFO] ApiDb:274 - Set plugin database path to: C:\ST\STM32CubeIDE_1.15.0\STM32CubeIDE\plugins\com.st.stm32cube.common.mx_6.11.0.202403141607\\db\/plugins/boardmanager/
2024-05-12 11:57:14,677 [INFO] ApiDb:261 - Set plugin images path to: C:\ST\STM32CubeIDE_1.15.0\STM32CubeIDE\plugins\com.st.stm32cube.common.mx_6.11.0.202403141607\\db\/plugins/mcufinder/images/
2024-05-12 11:57:14,677 [WARN] DbFile:41 - Overriding database path with different value: C:\Users\mouns\.stmcufinder\plugins\mcufinder/ => C:\Users\mouns\.stmcufinder\plugins\mcufinder
2024-05-12 11:57:14,678 [INFO] ApiDb:250 - Set database path to: C:\Users\mouns\.stmcufinder\plugins\mcufinder//mcu/
2024-05-12 11:57:14,678 [WARN] DbFile:41 - Overriding database path with different value: C:\Users\mouns\.stmcufinder\plugins\mcufinder/ => C:\Users\mouns\.stmcufinder\plugins\mcufinder
2024-05-12 11:57:14,678 [INFO] DbMcusAds:125 - Set database path to: C:\Users\mouns\.stmcufinder\plugins\mcufinder//mcu/
2024-05-12 11:57:14,678 [WARN] DbFile:41 - Overriding database path with different value: C:\Users\mouns\.stmcufinder\plugins\mcufinder/ => C:\Users\mouns\.stmcufinder\plugins\mcufinder
2024-05-12 11:57:14,678 [WARN] DbFile:41 - Overriding database path with different value: C:\Users\mouns\.stmcufinder\plugins\mcufinder/ => C:\Users\mouns\.stmcufinder\plugins\mcufinder
2024-05-12 11:57:14,678 [INFO] CrossReferenceDbSqlite:203 - Set database path to: C:\Users\mouns\.stmcufinder\plugins\mcufinder//mcu/cs/
2024-05-12 11:57:15,273 [INFO] MainPanel:264 - HeapMemory: 268435456
2024-05-12 11:57:15,426 [INFO] DbMcusXml:78 - Set database path to: C:\ST\STM32CubeIDE_1.15.0\STM32CubeIDE\plugins\com.st.stm32cube.common.mx_6.11.0.202403141607\\db\/mcu/
2024-05-12 11:57:15,427 [INFO] ApiDb:274 - Set plugin database path to: C:\ST\STM32CubeIDE_1.15.0\STM32CubeIDE\plugins\com.st.stm32cube.common.mx_6.11.0.202403141607\\db\/plugins/boardmanager/
2024-05-12 11:57:15,428 [INFO] ApiDb:261 - Set plugin images path to: C:\ST\STM32CubeIDE_1.15.0\STM32CubeIDE\plugins\com.st.stm32cube.common.mx_6.11.0.202403141607\\db\/plugins/mcufinder/images/
2024-05-12 11:57:15,428 [WARN] DbFile:41 - Overriding database path with different value: C:\Users\mouns\.stmcufinder\plugins\mcufinder/ => C:\Users\mouns\.stmcufinder\plugins\mcufinder
2024-05-12 11:57:15,428 [INFO] ApiDb:250 - Set database path to: C:\Users\mouns\.stmcufinder\plugins\mcufinder//mcu/
2024-05-12 11:57:15,428 [WARN] DbFile:41 - Overriding database path with different value: C:\Users\mouns\.stmcufinder\plugins\mcufinder/ => C:\Users\mouns\.stmcufinder\plugins\mcufinder
2024-05-12 11:57:15,428 [INFO] DbMcusAds:125 - Set database path to: C:\Users\mouns\.stmcufinder\plugins\mcufinder//mcu/
2024-05-12 11:57:15,428 [WARN] DbFile:41 - Overriding database path with different value: C:\Users\mouns\.stmcufinder\plugins\mcufinder/ => C:\Users\mouns\.stmcufinder\plugins\mcufinder
2024-05-12 11:57:15,428 [WARN] DbFile:41 - Overriding database path with different value: C:\Users\mouns\.stmcufinder\plugins\mcufinder/ => C:\Users\mouns\.stmcufinder\plugins\mcufinder
2024-05-12 11:57:15,429 [INFO] CrossReferenceDbSqlite:203 - Set database path to: C:\Users\mouns\.stmcufinder\plugins\mcufinder//mcu/cs/
2024-05-12 11:57:15,533 [INFO] ApplicationProperties:184 - Using Application install path: C:\ST\STM32CubeIDE_1.15.0\STM32CubeIDE\plugins\com.st.stm32cube.common.mx_6.11.0.202403141607
2024-05-12 11:57:15,535 [INFO] PluginManage:196 - Search for loadable plugins [exclusion list=, ]
2024-05-12 11:57:15,537 [INFO] PluginManage:310 - Check plugin analytics
2024-05-12 11:57:15,877 [INFO] AnalyticsPlugin:253 - Accepted Software Licenses: 
2024-05-12 11:57:15,878 [INFO] AnalyticsPlugin:255 - Accepted CMSIS Pack Licenses: 
2024-05-12 11:57:15,878 [INFO] AnalyticsPlugin:257 - Accepted Firmware Licenses: 
2024-05-12 11:57:15,881 [INFO] PluginManage:359 - Loaded plugin analytics (category:tool,tabindex:-1)
2024-05-12 11:57:15,882 [INFO] PluginManage:310 - Check plugin cadmodel
2024-05-12 11:57:15,905 [INFO] CADModel:105 - Init CAD model plugin
2024-05-12 11:57:15,906 [INFO] PluginManage:359 - Loaded plugin cadmodel (category:power,tabindex:5)
2024-05-12 11:57:15,906 [INFO] PluginManage:310 - Check plugin clock
2024-05-12 11:57:15,987 [INFO] PluginManage:359 - Loaded plugin clock (category:base,tabindex:2)
2024-05-12 11:57:15,987 [INFO] PluginManage:310 - Check plugin ddr
2024-05-12 11:57:15,991 [INFO] PluginManage:359 - Loaded plugin ddr (category:tool,tabindex:6)
2024-05-12 11:57:15,991 [INFO] PluginManage:310 - Check plugin filemanager
2024-05-12 11:57:16,239 [INFO] PluginManage:359 - Loaded plugin filemanager (category:base,tabindex:10)
2024-05-12 11:57:16,240 [INFO] PluginManage:310 - Check plugin ipmanager
2024-05-12 11:57:16,272 [INFO] PluginManage:359 - Loaded plugin ipmanager (category:base,tabindex:5)
2024-05-12 11:57:16,272 [INFO] PluginManage:310 - Check plugin lpbam
2024-05-12 11:57:16,349 [INFO] PluginManage:359 - Loaded plugin lpbam (category:base,tabindex:0)
2024-05-12 11:57:16,350 [INFO] PluginManage:310 - Check plugin memorymap
2024-05-12 11:57:16,388 [INFO] PluginManage:359 - Loaded plugin memorymap (category:base,tabindex:4)
2024-05-12 11:57:16,389 [INFO] PluginManage:310 - Check plugin pinoutandconfiguration
2024-05-12 11:57:16,418 [INFO] PluginManage:359 - Loaded plugin pinoutandconfiguration (category:base,tabindex:1)
2024-05-12 11:57:16,419 [INFO] PluginManage:310 - Check plugin pinoutconfig
2024-05-12 11:57:16,970 [WARN] SupportedApi:132 - Cannot load RTOS API schema: s4s-elt-must-match.1: The content of 'definitions' must match (annotation?, (simpleType | complexType)?, (unique | key | keyref)*)). A problem was found starting at: attribute.
2024-05-12 11:57:17,606 [INFO] PluginManage:359 - Loaded plugin pinoutconfig (category:base,tabindex:0)
2024-05-12 11:57:17,606 [INFO] PluginManage:310 - Check plugin power
2024-05-12 11:57:17,650 [INFO] PluginManage:359 - Loaded plugin power (category:power,tabindex:4)
2024-05-12 11:57:17,650 [INFO] PluginManage:310 - Check plugin projectmanager
2024-05-12 11:57:17,753 [INFO] PluginManage:359 - Loaded plugin projectmanager (category:projectmanager,tabindex:3)
2024-05-12 11:57:17,753 [INFO] PluginManage:310 - Check plugin thirdparty
2024-05-12 11:57:18,946 [INFO] PluginManage:359 - Loaded plugin thirdparty (category:base,tabindex:-1)
2024-05-12 11:57:18,946 [INFO] PluginManage:310 - Check plugin tools
2024-05-12 11:57:18,983 [WARN] IntegrityCheckThread:84 - waiting for thirdparty lock release [integrity check]
2024-05-12 11:57:18,984 [INFO] IntegrityCheckThread:86 - entering critical section [integrity check]
2024-05-12 11:57:18,986 [INFO] ThirdPartyUpdaterWithRetryManager:70 - Updater plugin not ready yet. [1/15]
2024-05-12 11:57:19,072 [INFO] PluginManage:359 - Loaded plugin tools (category:base,tabindex:7)
2024-05-12 11:57:19,075 [INFO] PluginManage:310 - Check plugin tutovideos
2024-05-12 11:57:20,020 [INFO] PluginManage:359 - Loaded plugin tutovideos (category:base,tabindex:-1)
2024-05-12 11:57:20,020 [INFO] PluginManage:310 - Check plugin updater
2024-05-12 11:57:20,162 [INFO] PluginManage:359 - Loaded plugin updater (category:base,tabindex:12)
2024-05-12 11:57:20,162 [INFO] PluginManage:310 - Check plugin userauth
2024-05-12 11:57:20,171 [INFO] UserAuth:114 - Init User Auth plugin
2024-05-12 11:57:20,171 [INFO] PluginManage:359 - Loaded plugin userauth (category:base,tabindex:14)
2024-05-12 11:57:20,172 [INFO] PluginManage:283 - PluginManage : Loaded plugins [17]
2024-05-12 11:57:22,067 [INFO] PinOutPanel:1561 - setPackage(No Configuration,No Configuration)
2024-05-12 11:57:22,163 [INFO] ThirdPartyUpdaterWithRetryManager:70 - Updater plugin not ready yet. [2/15]
2024-05-12 11:57:22,753 [INFO] CADModel:165 - CPN selected for project level
2024-05-12 11:57:22,753 [INFO] CADModel:114 - Register for checkConnection events
2024-05-12 11:57:22,844 [INFO] IPUIPlugin:80 - create IPUIPlugin
2024-05-12 11:57:22,844 [INFO] PluginManager:220 - loadIPPluginJar : add adc
2024-05-12 11:57:23,028 [INFO] IPUIPlugin:80 - create IPUIPlugin
2024-05-12 11:57:23,028 [INFO] PluginManager:220 - loadIPPluginJar : add aes
2024-05-12 11:57:23,368 [INFO] IPUIPlugin:80 - create IPUIPlugin
2024-05-12 11:57:23,369 [INFO] PluginManager:220 - loadIPPluginJar : add can
2024-05-12 11:57:23,450 [INFO] IPUIPlugin:80 - create IPUIPlugin
2024-05-12 11:57:23,450 [INFO] PluginManager:220 - loadIPPluginJar : add comp
2024-05-12 11:57:23,586 [INFO] IPUIPlugin:80 - create IPUIPlugin
2024-05-12 11:57:23,586 [INFO] PluginManager:220 - loadIPPluginJar : add cryp
2024-05-12 11:57:23,873 [INFO] IPUIPlugin:80 - create IPUIPlugin
2024-05-12 11:57:23,874 [INFO] PluginManager:220 - loadIPPluginJar : add dfsdm
2024-05-12 11:57:24,010 [INFO] IPUIPlugin:80 - create IPUIPlugin
2024-05-12 11:57:24,011 [INFO] PluginManager:220 - loadIPPluginJar : add dma
2024-05-12 11:57:24,149 [INFO] IPUIPlugin:80 - create IPUIPlugin
2024-05-12 11:57:24,150 [INFO] PluginManager:220 - loadIPPluginJar : add dma3
2024-05-12 11:57:24,349 [INFO] IPUIPlugin:80 - create IPUIPlugin
2024-05-12 11:57:24,349 [INFO] PluginManager:220 - loadIPPluginJar : add extmemmanager
2024-05-12 11:57:24,452 [INFO] IPUIPlugin:80 - create IPUIPlugin
2024-05-12 11:57:24,452 [INFO] PluginManager:220 - loadIPPluginJar : add fatfs
2024-05-12 11:57:24,791 [INFO] IPUIPlugin:80 - create IPUIPlugin
2024-05-12 11:57:24,792 [INFO] PluginManager:220 - loadIPPluginJar : add fmc
2024-05-12 11:57:24,819 [INFO] IPUIPlugin:80 - create IPUIPlugin
2024-05-12 11:57:24,819 [INFO] PluginManager:220 - loadIPPluginJar : add freertos
2024-05-12 11:57:24,903 [INFO] IPUIPlugin:80 - create IPUIPlugin
2024-05-12 11:57:24,903 [INFO] PluginManager:220 - loadIPPluginJar : add genericplugin
2024-05-12 11:57:25,197 [INFO] ThirdPartyUpdaterWithRetryManager:70 - Updater plugin not ready yet. [3/15]
2024-05-12 11:57:25,418 [INFO] IPUIPlugin:80 - create IPUIPlugin
2024-05-12 11:57:25,418 [INFO] PluginManager:220 - loadIPPluginJar : add gfxmmu
2024-05-12 11:57:25,738 [INFO] IPUIPlugin:80 - create IPUIPlugin
2024-05-12 11:57:25,739 [INFO] PluginManager:220 - loadIPPluginJar : add gic
2024-05-12 11:57:25,763 [INFO] IPUIPlugin:80 - create IPUIPlugin
2024-05-12 11:57:25,764 [INFO] PluginManager:220 - loadIPPluginJar : add gpio
2024-05-12 11:57:26,023 [INFO] IPUIPlugin:80 - create IPUIPlugin
2024-05-12 11:57:26,024 [INFO] PluginManager:220 - loadIPPluginJar : add gtzc
2024-05-12 11:57:26,308 [INFO] IPUIPlugin:80 - create IPUIPlugin
2024-05-12 11:57:26,309 [INFO] PluginManager:220 - loadIPPluginJar : add hash
2024-05-12 11:57:26,510 [INFO] IPUIPlugin:80 - create IPUIPlugin
2024-05-12 11:57:26,510 [INFO] PluginManager:220 - loadIPPluginJar : add i2c
2024-05-12 11:57:26,704 [INFO] IPUIPlugin:80 - create IPUIPlugin
2024-05-12 11:57:26,706 [INFO] PluginManager:220 - loadIPPluginJar : add i2s
2024-05-12 11:57:27,023 [INFO] IPUIPlugin:80 - create IPUIPlugin
2024-05-12 11:57:27,023 [INFO] PluginManager:220 - loadIPPluginJar : add i3c
2024-05-12 11:57:27,544 [INFO] IPUIPlugin:80 - create IPUIPlugin
2024-05-12 11:57:27,545 [INFO] PluginManager:220 - loadIPPluginJar : add ipddr
2024-05-12 11:57:27,864 [INFO] IPUIPlugin:80 - create IPUIPlugin
2024-05-12 11:57:27,865 [INFO] PluginManager:220 - loadIPPluginJar : add linkedlist
2024-05-12 11:57:28,077 [INFO] IPUIPlugin:80 - create IPUIPlugin
2024-05-12 11:57:28,077 [INFO] PluginManager:220 - loadIPPluginJar : add lorawan
2024-05-12 11:57:28,275 [INFO] ThirdPartyUpdaterWithRetryManager:70 - Updater plugin not ready yet. [4/15]
2024-05-12 11:57:28,284 [INFO] IPUIPlugin:80 - create IPUIPlugin
2024-05-12 11:57:28,285 [INFO] PluginManager:220 - loadIPPluginJar : add ltdc
2024-05-12 11:57:28,373 [INFO] IPUIPlugin:80 - create IPUIPlugin
2024-05-12 11:57:28,373 [INFO] PluginManager:220 - loadIPPluginJar : add mdma
2024-05-12 11:57:28,395 [INFO] IPUIPlugin:80 - create IPUIPlugin
2024-05-12 11:57:28,396 [INFO] PluginManager:220 - loadIPPluginJar : add nvic
2024-05-12 11:57:28,571 [INFO] IPUIPlugin:80 - create IPUIPlugin
2024-05-12 11:57:28,571 [INFO] PluginManager:220 - loadIPPluginJar : add opamp
2024-05-12 11:57:28,909 [INFO] IPUIPlugin:80 - create IPUIPlugin
2024-05-12 11:57:28,909 [INFO] PluginManager:220 - loadIPPluginJar : add openamp
2024-05-12 11:57:29,235 [INFO] IPUIPlugin:80 - create IPUIPlugin
2024-05-12 11:57:29,235 [INFO] PluginManager:220 - loadIPPluginJar : add pdm2pcm
2024-05-12 11:57:29,265 [INFO] IPUIPlugin:80 - create IPUIPlugin
2024-05-12 11:57:29,270 [INFO] PluginManager:220 - loadIPPluginJar : add plateformsettings
2024-05-12 11:57:29,354 [INFO] IPUIPlugin:80 - create IPUIPlugin
2024-05-12 11:57:29,354 [INFO] PluginManager:220 - loadIPPluginJar : add quadspi
2024-05-12 11:57:29,421 [INFO] IPUIPlugin:80 - create IPUIPlugin
2024-05-12 11:57:29,421 [INFO] PluginManager:220 - loadIPPluginJar : add resmgrutility
2024-05-12 11:57:29,696 [INFO] IPUIPlugin:80 - create IPUIPlugin
2024-05-12 11:57:29,697 [INFO] PluginManager:220 - loadIPPluginJar : add sai
2024-05-12 11:57:29,935 [INFO] IPUIPlugin:80 - create IPUIPlugin
2024-05-12 11:57:29,935 [INFO] PluginManager:220 - loadIPPluginJar : add spi
2024-05-12 11:57:30,120 [INFO] IPUIPlugin:80 - create IPUIPlugin
2024-05-12 11:57:30,121 [INFO] PluginManager:220 - loadIPPluginJar : add stm32_wpan
2024-05-12 11:57:30,283 [INFO] IPUIPlugin:80 - create IPUIPlugin
2024-05-12 11:57:30,283 [INFO] PluginManager:220 - loadIPPluginJar : add tim
2024-05-12 11:57:30,665 [INFO] IPUIPlugin:80 - create IPUIPlugin
2024-05-12 11:57:30,665 [INFO] PluginManager:220 - loadIPPluginJar : add touchsensing
2024-05-12 11:57:30,819 [INFO] IPUIPlugin:80 - create IPUIPlugin
2024-05-12 11:57:30,820 [INFO] PluginManager:220 - loadIPPluginJar : add tracer_emb
2024-05-12 11:57:30,917 [INFO] IPUIPlugin:80 - create IPUIPlugin
2024-05-12 11:57:30,918 [INFO] PluginManager:220 - loadIPPluginJar : add ts
2024-05-12 11:57:31,092 [INFO] IPUIPlugin:80 - create IPUIPlugin
2024-05-12 11:57:31,092 [INFO] PluginManager:220 - loadIPPluginJar : add tsc
2024-05-12 11:57:31,200 [INFO] IPUIPlugin:80 - create IPUIPlugin
2024-05-12 11:57:31,200 [INFO] PluginManager:220 - loadIPPluginJar : add ucpd
2024-05-12 11:57:31,333 [INFO] ThirdPartyUpdaterWithRetryManager:70 - Updater plugin not ready yet. [5/15]
2024-05-12 11:57:31,363 [INFO] IPUIPlugin:80 - create IPUIPlugin
2024-05-12 11:57:31,364 [INFO] PluginManager:220 - loadIPPluginJar : add usart
2024-05-12 11:57:31,512 [INFO] IPUIPlugin:80 - create IPUIPlugin
2024-05-12 11:57:31,512 [INFO] PluginManager:220 - loadIPPluginJar : add usbx
2024-05-12 11:57:32,053 [INFO] CADModel:165 - CPN selected for project level
2024-05-12 11:57:32,053 [INFO] CADModel:114 - Register for checkConnection events
2024-05-12 11:57:32,054 [FATAL] Updater:308 - Updater called before beeing initialized
2024-05-12 11:57:32,054 [ERROR] CADModel:125 - Updater not yet initialized, retry later 
2024-05-12 11:57:32,691 [INFO] CADModel:165 - CPN selected for project level
2024-05-12 11:57:32,691 [INFO] CADModel:114 - Register for checkConnection events
2024-05-12 11:57:32,692 [FATAL] Updater:308 - Updater called before beeing initialized
2024-05-12 11:57:32,692 [ERROR] CADModel:125 - Updater not yet initialized, retry later 
2024-05-12 11:57:32,819 [FATAL] Updater:308 - Updater called before beeing initialized
2024-05-12 11:57:33,595 [FATAL] Updater:308 - Updater called before beeing initialized
2024-05-12 11:57:33,612 [INFO] DbMcusAds:53 - JSON generation date=Thu Sep 30 08:55:09 CEST 2021 (1632984909247)
2024-05-12 11:57:33,613 [FATAL] Updater:308 - Updater called before beeing initialized
2024-05-12 11:57:34,119 [WARN] DetailPanel:346 - Failed to get advertising image, set to default
2024-05-12 11:57:34,371 [INFO] ThirdPartyUpdaterWithRetryManager:70 - Updater plugin not ready yet. [6/15]
2024-05-12 11:57:34,895 [FATAL] Updater:308 - Updater called before beeing initialized
2024-05-12 11:57:34,898 [FATAL] Updater:308 - Updater called before beeing initialized
2024-05-12 11:57:34,898 [FATAL] Updater:308 - Updater called before beeing initialized
2024-05-12 11:57:34,898 [WARN] DetailPanel:346 - Failed to get advertising image, set to default
2024-05-12 11:57:34,901 [FATAL] Updater:308 - Updater called before beeing initialized
2024-05-12 11:57:35,313 [ERROR] Updater:1120 - MainUpdater not yet initialized. External WinMGr cannot be set.
2024-05-12 11:57:35,331 [INFO] Updater:1056 - Updater Version found : 6.11.0
2024-05-12 11:57:35,401 [INFO] ApplicationProperties:184 - Using Application install path: C:\ST\STM32CubeIDE_1.15.0\STM32CubeIDE\plugins\com.st.stm32cube.common.mx_6.11.0.202403141607
2024-05-12 11:57:37,334 [ERROR] LogOutputStream:75 - [STDERR_REDIRECT] May 12, 2024 11:57:37 AM java.util.prefs.WindowsPreferences <init>
2024-05-12 11:57:37,339 [ERROR] LogOutputStream:75 - [STDERR_REDIRECT] WARNING: Could not open/create prefs root node Software\JavaSoft\Prefs at root 0xffffffff80000002. Windows RegCreateKeyEx(...) returned error code 5.
2024-05-12 11:57:37,340 [ERROR] LogOutputStream:75 - [STDERR_REDIRECT] 
2024-05-12 11:57:37,435 [FATAL] Updater:308 - Updater called before beeing initialized
2024-05-12 11:57:37,436 [ERROR] IntegrityCheckThread:130 - Cannot retrieve database content from updater: error 21
2024-05-12 11:57:37,437 [INFO] ThirdParty:978 - Integrity check success = false
2024-05-12 11:57:37,437 [INFO] IntegrityCheckThread:100 - exiting critical section [integrity check]
2024-05-12 11:57:37,437 [INFO] IntegrityCheckThread:103 - End integrity checks thread
2024-05-12 11:57:38,762 [INFO] MainUpdater:2873 - connection check result : 10
2024-05-12 11:57:38,763 [INFO] MainUpdater:3567 - Updater definition file requires update
2024-05-12 11:57:38,766 [INFO] MainUpdater:290 - Updater Check For Update Now.
2024-05-12 11:57:38,766 [INFO] MicroXplorer:498 - Change Database Version : DB.6.0.110
2024-05-12 11:57:38,790 [INFO] McuFinderGlobals:63 - Set McuFinder mode to 2 (CubeIDE integrated)
2024-05-12 11:57:38,790 [INFO] UserAuth:179 - activating auth plugin
2024-05-12 11:57:38,872 [INFO] UserAuth:415 - Internet connection configuration mode: 1
2024-05-12 11:57:38,911 [INFO] JxBrowserEngine:152 - Initiate JxBrowser Engine with user profile folder
2024-05-12 11:57:39,105 [INFO] ServerAccessManage:473 - Download File updaters.zip
2024-05-12 11:57:39,432 [INFO] FileExtend:240 - Unzip File : updaters.zip
2024-05-12 11:57:39,433 [INFO] FileExtend:255 - Standard Zip Deflate
2024-05-12 11:57:58,622 [INFO] ServerAccessManage:473 - Download File PacksControlFlags.xml
2024-05-12 11:57:59,105 [INFO] ServerAccessManage:473 - Download File cubemx.pidx
2024-05-12 11:58:04,615 [INFO] ServerAccessManage:473 - Download File STMicroelectronics.X-CUBE-ALGOBUILD.pdsc
2024-05-12 11:58:09,424 [INFO] ServerAccessManage:473 - Download File Cesanta.I-CUBE-Mongoose.pdsc
2024-05-12 11:58:09,724 [ERROR] ServerAccessManage:1089 - Problem, file not found on Server
2024-05-12 11:58:10,184 [WARN] PackLoader:240 - Cannot read IP mode file for STMicroelectronics.X-CUBE-ALGOBUILD.1.4.0
2024-05-12 11:58:10,252 [WARN] PackLoader:240 - Cannot read IP mode file for Cesanta.I-CUBE-Mongoose.7.13.0
2024-05-12 11:58:10,253 [INFO] PopulateThirdPartyThread:66 - Ending populate Thread
2024-05-12 11:58:10,255 [INFO] ThirdParty:1030 - CMSIS Pack Vendor :Cesanta I-CUBE-Mongoose 7.13.0
2024-05-12 11:58:10,255 [INFO] ThirdParty:1030 - CMSIS Pack Vendor :STMicroelectronics X-CUBE-ALGOBUILD 1.4.0
2024-05-12 11:58:10,255 [INFO] LoadServerUpdatesThread:375 - End of LoadServerUpdate Thread
2024-05-12 11:58:10,596 [INFO] CheckServerUpdateThread:120 - End of CheckServer Thread
2024-05-12 11:58:25,077 [INFO] WebApp:161 - Instantiating new browser for Auth
2024-05-12 11:58:27,488 [INFO] WebApp:779 - Register for checkConnection events
2024-05-12 11:58:27,489 [INFO] WebApp:414 - Apply proxy settings
2024-05-12 11:58:27,489 [INFO] WebApp:499 - Chromium requires no authentication
2024-05-12 11:58:27,506 [INFO] WebApp:442 - Direct internet connection detected
2024-05-12 11:58:28,372 [INFO] WebApp:192 - Starting web application
2024-05-12 11:58:28,373 [INFO] WebApp:544 - Web application path used C:\ST\STM32CubeIDE_1.15.0\STM32CubeIDE\plugins\com.st.stm32cube.common.mx_6.11.0.202403141607\db\plugins\mcufinder\reactClient1\index.html
2024-05-12 23:55:03,482 [INFO] WebApp:354 - JxBrowser engine has been closed 
2024-05-12 23:55:06,493 [ERROR] LogOutputStream:75 - [STDERR_REDIRECT] 
2024-05-12 23:55:06,493 [ERROR] LogOutputStream:75 - [STDERR_REDIRECT] 
