2024-05-15 10:04:40,607 [ERROR] LogOutputStream:75 - [STDERR_REDIRECT] 
2024-05-15 10:04:40,617 [ERROR] LogOutputStream:75 - [STDERR_REDIRECT] 
2024-05-15 10:05:33,868 [INFO] Activator:176 - 


2024-05-15 10:05:33,872 [INFO] Activator:177 - !SESSION log4j initialized
2024-05-15 10:05:47,149 [INFO] LogOutputStream:77 - [STDOUT_REDIRECT] 
2024-05-15 10:05:53,730 [INFO] ApplicationProperties:184 - Using Application install path: C:\ST\STM32CubeIDE_1.15.0\STM32CubeIDE\plugins\com.st.stm32cube.common.mx_6.11.0.202403141607
2024-05-15 10:05:53,762 [INFO] DbMcusXml:78 - Set database path to: C:\ST\STM32CubeIDE_1.15.0\STM32CubeIDE\plugins\com.st.stm32cube.common.mx_6.11.0.202403141607\\db\/mcu/
2024-05-15 10:05:53,763 [INFO] ApiDb:274 - Set plugin database path to: C:\ST\STM32CubeIDE_1.15.0\STM32CubeIDE\plugins\com.st.stm32cube.common.mx_6.11.0.202403141607\\db\/plugins/boardmanager/
2024-05-15 10:05:53,764 [WARN] ApiDb:259 - Overriding images path with different value:  => C:\ST\STM32CubeIDE_1.15.0\STM32CubeIDE\plugins\com.st.stm32cube.common.mx_6.11.0.202403141607\\db\/plugins/mcufinder/images/
2024-05-15 10:05:53,776 [INFO] ApiDb:250 - Set database path to: C:\Users\mouns\.stmcufinder\plugins\mcufinder//mcu/
2024-05-15 10:05:53,779 [INFO] DbMcusAds:125 - Set database path to: C:\Users\mouns\.stmcufinder\plugins\mcufinder//mcu/
2024-05-15 10:05:53,782 [INFO] CrossReferenceDbSqlite:203 - Set database path to: C:\Users\mouns\.stmcufinder\plugins\mcufinder//mcu/cs/
2024-05-15 10:05:54,017 [INFO] RulesReader:64 - Compatibility file has been processed (297 Rules)
2024-05-15 10:05:54,154 [INFO] DbMcusXml:78 - Set database path to: C:\ST\STM32CubeIDE_1.15.0\STM32CubeIDE\plugins\com.st.stm32cube.common.mx_6.11.0.202403141607\\db\/mcu/
2024-05-15 10:05:54,154 [INFO] ApiDb:274 - Set plugin database path to: C:\ST\STM32CubeIDE_1.15.0\STM32CubeIDE\plugins\com.st.stm32cube.common.mx_6.11.0.202403141607\\db\/plugins/boardmanager/
2024-05-15 10:05:54,154 [INFO] ApiDb:261 - Set plugin images path to: C:\ST\STM32CubeIDE_1.15.0\STM32CubeIDE\plugins\com.st.stm32cube.common.mx_6.11.0.202403141607\\db\/plugins/mcufinder/images/
2024-05-15 10:05:54,155 [WARN] DbFile:41 - Overriding database path with different value: C:\Users\mouns\.stmcufinder\plugins\mcufinder/ => C:\Users\mouns\.stmcufinder\plugins\mcufinder
2024-05-15 10:05:54,155 [INFO] ApiDb:250 - Set database path to: C:\Users\mouns\.stmcufinder\plugins\mcufinder//mcu/
2024-05-15 10:05:54,155 [WARN] DbFile:41 - Overriding database path with different value: C:\Users\mouns\.stmcufinder\plugins\mcufinder/ => C:\Users\mouns\.stmcufinder\plugins\mcufinder
2024-05-15 10:05:54,155 [INFO] DbMcusAds:125 - Set database path to: C:\Users\mouns\.stmcufinder\plugins\mcufinder//mcu/
2024-05-15 10:05:54,155 [WARN] DbFile:41 - Overriding database path with different value: C:\Users\mouns\.stmcufinder\plugins\mcufinder/ => C:\Users\mouns\.stmcufinder\plugins\mcufinder
2024-05-15 10:05:54,155 [WARN] DbFile:41 - Overriding database path with different value: C:\Users\mouns\.stmcufinder\plugins\mcufinder/ => C:\Users\mouns\.stmcufinder\plugins\mcufinder
2024-05-15 10:05:54,156 [INFO] CrossReferenceDbSqlite:203 - Set database path to: C:\Users\mouns\.stmcufinder\plugins\mcufinder//mcu/cs/
2024-05-15 10:05:54,281 [INFO] MainPanel:264 - HeapMemory: 268435456
2024-05-15 10:05:54,408 [INFO] DbMcusXml:78 - Set database path to: C:\ST\STM32CubeIDE_1.15.0\STM32CubeIDE\plugins\com.st.stm32cube.common.mx_6.11.0.202403141607\\db\/mcu/
2024-05-15 10:05:54,408 [INFO] ApiDb:274 - Set plugin database path to: C:\ST\STM32CubeIDE_1.15.0\STM32CubeIDE\plugins\com.st.stm32cube.common.mx_6.11.0.202403141607\\db\/plugins/boardmanager/
2024-05-15 10:05:54,408 [INFO] ApiDb:261 - Set plugin images path to: C:\ST\STM32CubeIDE_1.15.0\STM32CubeIDE\plugins\com.st.stm32cube.common.mx_6.11.0.202403141607\\db\/plugins/mcufinder/images/
2024-05-15 10:05:54,409 [WARN] DbFile:41 - Overriding database path with different value: C:\Users\mouns\.stmcufinder\plugins\mcufinder/ => C:\Users\mouns\.stmcufinder\plugins\mcufinder
2024-05-15 10:05:54,409 [INFO] ApiDb:250 - Set database path to: C:\Users\mouns\.stmcufinder\plugins\mcufinder//mcu/
2024-05-15 10:05:54,409 [WARN] DbFile:41 - Overriding database path with different value: C:\Users\mouns\.stmcufinder\plugins\mcufinder/ => C:\Users\mouns\.stmcufinder\plugins\mcufinder
2024-05-15 10:05:54,409 [INFO] DbMcusAds:125 - Set database path to: C:\Users\mouns\.stmcufinder\plugins\mcufinder//mcu/
2024-05-15 10:05:54,409 [WARN] DbFile:41 - Overriding database path with different value: C:\Users\mouns\.stmcufinder\plugins\mcufinder/ => C:\Users\mouns\.stmcufinder\plugins\mcufinder
2024-05-15 10:05:54,409 [WARN] DbFile:41 - Overriding database path with different value: C:\Users\mouns\.stmcufinder\plugins\mcufinder/ => C:\Users\mouns\.stmcufinder\plugins\mcufinder
2024-05-15 10:05:54,409 [INFO] CrossReferenceDbSqlite:203 - Set database path to: C:\Users\mouns\.stmcufinder\plugins\mcufinder//mcu/cs/
2024-05-15 10:05:54,433 [INFO] ApplicationProperties:184 - Using Application install path: C:\ST\STM32CubeIDE_1.15.0\STM32CubeIDE\plugins\com.st.stm32cube.common.mx_6.11.0.202403141607
2024-05-15 10:05:54,435 [INFO] PluginManage:196 - Search for loadable plugins [exclusion list=, ]
2024-05-15 10:05:54,437 [INFO] PluginManage:310 - Check plugin analytics
2024-05-15 10:05:54,738 [INFO] AnalyticsPlugin:253 - Accepted Software Licenses: 
2024-05-15 10:05:54,738 [INFO] AnalyticsPlugin:255 - Accepted CMSIS Pack Licenses: 
2024-05-15 10:05:54,739 [INFO] AnalyticsPlugin:257 - Accepted Firmware Licenses: 
2024-05-15 10:05:54,742 [INFO] PluginManage:359 - Loaded plugin analytics (category:tool,tabindex:-1)
2024-05-15 10:05:54,746 [INFO] PluginManage:310 - Check plugin cadmodel
2024-05-15 10:05:54,781 [INFO] CADModel:105 - Init CAD model plugin
2024-05-15 10:05:54,781 [INFO] PluginManage:359 - Loaded plugin cadmodel (category:power,tabindex:5)
2024-05-15 10:05:54,782 [INFO] PluginManage:310 - Check plugin clock
2024-05-15 10:05:54,817 [INFO] PluginManage:359 - Loaded plugin clock (category:base,tabindex:2)
2024-05-15 10:05:54,817 [INFO] PluginManage:310 - Check plugin ddr
2024-05-15 10:05:54,820 [INFO] PluginManage:359 - Loaded plugin ddr (category:tool,tabindex:6)
2024-05-15 10:05:54,821 [INFO] PluginManage:310 - Check plugin filemanager
2024-05-15 10:05:55,087 [INFO] PluginManage:359 - Loaded plugin filemanager (category:base,tabindex:10)
2024-05-15 10:05:55,087 [INFO] PluginManage:310 - Check plugin ipmanager
2024-05-15 10:05:55,102 [INFO] PluginManage:359 - Loaded plugin ipmanager (category:base,tabindex:5)
2024-05-15 10:05:55,102 [INFO] PluginManage:310 - Check plugin lpbam
2024-05-15 10:05:55,139 [INFO] PluginManage:359 - Loaded plugin lpbam (category:base,tabindex:0)
2024-05-15 10:05:55,139 [INFO] PluginManage:310 - Check plugin memorymap
2024-05-15 10:05:55,172 [INFO] PluginManage:359 - Loaded plugin memorymap (category:base,tabindex:4)
2024-05-15 10:05:55,172 [INFO] PluginManage:310 - Check plugin pinoutandconfiguration
2024-05-15 10:05:55,201 [INFO] PluginManage:359 - Loaded plugin pinoutandconfiguration (category:base,tabindex:1)
2024-05-15 10:05:55,201 [INFO] PluginManage:310 - Check plugin pinoutconfig
2024-05-15 10:05:55,367 [WARN] SupportedApi:132 - Cannot load RTOS API schema: s4s-elt-must-match.1: The content of 'definitions' must match (annotation?, (simpleType | complexType)?, (unique | key | keyref)*)). A problem was found starting at: attribute.
2024-05-15 10:05:55,599 [INFO] PluginManage:359 - Loaded plugin pinoutconfig (category:base,tabindex:0)
2024-05-15 10:05:55,599 [INFO] PluginManage:310 - Check plugin power
2024-05-15 10:05:55,637 [INFO] PluginManage:359 - Loaded plugin power (category:power,tabindex:4)
2024-05-15 10:05:55,637 [INFO] PluginManage:310 - Check plugin projectmanager
2024-05-15 10:05:55,667 [INFO] PluginManage:359 - Loaded plugin projectmanager (category:projectmanager,tabindex:3)
2024-05-15 10:05:55,667 [INFO] PluginManage:310 - Check plugin thirdparty
2024-05-15 10:05:56,063 [INFO] PluginManage:359 - Loaded plugin thirdparty (category:base,tabindex:-1)
2024-05-15 10:05:56,063 [WARN] IntegrityCheckThread:84 - waiting for thirdparty lock release [integrity check]
2024-05-15 10:05:56,063 [INFO] PluginManage:310 - Check plugin tools
2024-05-15 10:05:56,063 [INFO] IntegrityCheckThread:86 - entering critical section [integrity check]
2024-05-15 10:05:56,064 [INFO] ThirdPartyUpdaterWithRetryManager:70 - Updater plugin not ready yet. [1/15]
2024-05-15 10:05:56,106 [INFO] PluginManage:359 - Loaded plugin tools (category:base,tabindex:7)
2024-05-15 10:05:56,106 [INFO] PluginManage:310 - Check plugin tutovideos
2024-05-15 10:05:56,488 [INFO] PluginManage:359 - Loaded plugin tutovideos (category:base,tabindex:-1)
2024-05-15 10:05:56,489 [INFO] PluginManage:310 - Check plugin updater
2024-05-15 10:05:56,515 [INFO] PluginManage:359 - Loaded plugin updater (category:base,tabindex:12)
2024-05-15 10:05:56,515 [INFO] PluginManage:310 - Check plugin userauth
2024-05-15 10:05:56,523 [INFO] UserAuth:114 - Init User Auth plugin
2024-05-15 10:05:56,524 [INFO] PluginManage:359 - Loaded plugin userauth (category:base,tabindex:14)
2024-05-15 10:05:56,524 [INFO] PluginManage:283 - PluginManage : Loaded plugins [17]
2024-05-15 10:05:56,830 [INFO] PinOutPanel:1561 - setPackage(No Configuration,No Configuration)
2024-05-15 10:05:56,920 [INFO] CADModel:165 - CPN selected for project level
2024-05-15 10:05:56,921 [INFO] CADModel:114 - Register for checkConnection events
2024-05-15 10:05:56,948 [INFO] IPUIPlugin:80 - create IPUIPlugin
2024-05-15 10:05:56,948 [INFO] PluginManager:220 - loadIPPluginJar : add adc
2024-05-15 10:05:56,989 [INFO] IPUIPlugin:80 - create IPUIPlugin
2024-05-15 10:05:56,989 [INFO] PluginManager:220 - loadIPPluginJar : add aes
2024-05-15 10:05:57,039 [INFO] IPUIPlugin:80 - create IPUIPlugin
2024-05-15 10:05:57,039 [INFO] PluginManager:220 - loadIPPluginJar : add can
2024-05-15 10:05:57,065 [INFO] IPUIPlugin:80 - create IPUIPlugin
2024-05-15 10:05:57,065 [INFO] PluginManager:220 - loadIPPluginJar : add comp
2024-05-15 10:05:57,111 [INFO] IPUIPlugin:80 - create IPUIPlugin
2024-05-15 10:05:57,111 [INFO] PluginManager:220 - loadIPPluginJar : add cryp
2024-05-15 10:05:57,161 [INFO] IPUIPlugin:80 - create IPUIPlugin
2024-05-15 10:05:57,161 [INFO] PluginManager:220 - loadIPPluginJar : add dfsdm
2024-05-15 10:05:57,179 [INFO] IPUIPlugin:80 - create IPUIPlugin
2024-05-15 10:05:57,179 [INFO] PluginManager:220 - loadIPPluginJar : add dma
2024-05-15 10:05:57,234 [INFO] IPUIPlugin:80 - create IPUIPlugin
2024-05-15 10:05:57,234 [INFO] PluginManager:220 - loadIPPluginJar : add dma3
2024-05-15 10:05:57,288 [INFO] IPUIPlugin:80 - create IPUIPlugin
2024-05-15 10:05:57,289 [INFO] PluginManager:220 - loadIPPluginJar : add extmemmanager
2024-05-15 10:05:57,313 [INFO] IPUIPlugin:80 - create IPUIPlugin
2024-05-15 10:05:57,313 [INFO] PluginManager:220 - loadIPPluginJar : add fatfs
2024-05-15 10:05:57,368 [INFO] IPUIPlugin:80 - create IPUIPlugin
2024-05-15 10:05:57,368 [INFO] PluginManager:220 - loadIPPluginJar : add fmc
2024-05-15 10:05:57,382 [INFO] IPUIPlugin:80 - create IPUIPlugin
2024-05-15 10:05:57,383 [INFO] PluginManager:220 - loadIPPluginJar : add freertos
2024-05-15 10:05:57,405 [INFO] IPUIPlugin:80 - create IPUIPlugin
2024-05-15 10:05:57,406 [INFO] PluginManager:220 - loadIPPluginJar : add genericplugin
2024-05-15 10:05:57,523 [INFO] IPUIPlugin:80 - create IPUIPlugin
2024-05-15 10:05:57,523 [INFO] PluginManager:220 - loadIPPluginJar : add gfxmmu
2024-05-15 10:05:57,696 [INFO] IPUIPlugin:80 - create IPUIPlugin
2024-05-15 10:05:57,697 [INFO] PluginManager:220 - loadIPPluginJar : add gic
2024-05-15 10:05:57,713 [INFO] IPUIPlugin:80 - create IPUIPlugin
2024-05-15 10:05:57,713 [INFO] PluginManager:220 - loadIPPluginJar : add gpio
2024-05-15 10:05:57,838 [INFO] IPUIPlugin:80 - create IPUIPlugin
2024-05-15 10:05:57,838 [INFO] PluginManager:220 - loadIPPluginJar : add gtzc
2024-05-15 10:05:57,876 [INFO] IPUIPlugin:80 - create IPUIPlugin
2024-05-15 10:05:57,876 [INFO] PluginManager:220 - loadIPPluginJar : add hash
2024-05-15 10:05:57,938 [INFO] IPUIPlugin:80 - create IPUIPlugin
2024-05-15 10:05:57,939 [INFO] PluginManager:220 - loadIPPluginJar : add i2c
2024-05-15 10:05:57,984 [INFO] IPUIPlugin:80 - create IPUIPlugin
2024-05-15 10:05:57,984 [INFO] PluginManager:220 - loadIPPluginJar : add i2s
2024-05-15 10:05:58,031 [INFO] IPUIPlugin:80 - create IPUIPlugin
2024-05-15 10:05:58,031 [INFO] PluginManager:220 - loadIPPluginJar : add i3c
2024-05-15 10:05:58,157 [INFO] IPUIPlugin:80 - create IPUIPlugin
2024-05-15 10:05:58,157 [INFO] PluginManager:220 - loadIPPluginJar : add ipddr
2024-05-15 10:05:58,267 [INFO] IPUIPlugin:80 - create IPUIPlugin
2024-05-15 10:05:58,267 [INFO] PluginManager:220 - loadIPPluginJar : add linkedlist
2024-05-15 10:05:58,306 [INFO] IPUIPlugin:80 - create IPUIPlugin
2024-05-15 10:05:58,306 [INFO] PluginManager:220 - loadIPPluginJar : add lorawan
2024-05-15 10:05:58,349 [INFO] IPUIPlugin:80 - create IPUIPlugin
2024-05-15 10:05:58,349 [INFO] PluginManager:220 - loadIPPluginJar : add ltdc
2024-05-15 10:05:58,364 [INFO] IPUIPlugin:80 - create IPUIPlugin
2024-05-15 10:05:58,364 [INFO] PluginManager:220 - loadIPPluginJar : add mdma
2024-05-15 10:05:58,376 [INFO] IPUIPlugin:80 - create IPUIPlugin
2024-05-15 10:05:58,376 [INFO] PluginManager:220 - loadIPPluginJar : add nvic
2024-05-15 10:05:58,418 [INFO] IPUIPlugin:80 - create IPUIPlugin
2024-05-15 10:05:58,418 [INFO] PluginManager:220 - loadIPPluginJar : add opamp
2024-05-15 10:05:58,492 [INFO] IPUIPlugin:80 - create IPUIPlugin
2024-05-15 10:05:58,492 [INFO] PluginManager:220 - loadIPPluginJar : add openamp
2024-05-15 10:05:58,541 [INFO] IPUIPlugin:80 - create IPUIPlugin
2024-05-15 10:05:58,541 [INFO] PluginManager:220 - loadIPPluginJar : add pdm2pcm
2024-05-15 10:05:58,555 [INFO] IPUIPlugin:80 - create IPUIPlugin
2024-05-15 10:05:58,557 [INFO] PluginManager:220 - loadIPPluginJar : add plateformsettings
2024-05-15 10:05:58,586 [INFO] IPUIPlugin:80 - create IPUIPlugin
2024-05-15 10:05:58,586 [INFO] PluginManager:220 - loadIPPluginJar : add quadspi
2024-05-15 10:05:58,599 [INFO] IPUIPlugin:80 - create IPUIPlugin
2024-05-15 10:05:58,600 [INFO] PluginManager:220 - loadIPPluginJar : add resmgrutility
2024-05-15 10:05:58,655 [INFO] IPUIPlugin:80 - create IPUIPlugin
2024-05-15 10:05:58,655 [INFO] PluginManager:220 - loadIPPluginJar : add sai
2024-05-15 10:05:58,699 [INFO] IPUIPlugin:80 - create IPUIPlugin
2024-05-15 10:05:58,699 [INFO] PluginManager:220 - loadIPPluginJar : add spi
2024-05-15 10:05:58,782 [INFO] IPUIPlugin:80 - create IPUIPlugin
2024-05-15 10:05:58,783 [INFO] PluginManager:220 - loadIPPluginJar : add stm32_wpan
2024-05-15 10:05:58,809 [INFO] IPUIPlugin:80 - create IPUIPlugin
2024-05-15 10:05:58,809 [INFO] PluginManager:220 - loadIPPluginJar : add tim
2024-05-15 10:05:58,881 [INFO] IPUIPlugin:80 - create IPUIPlugin
2024-05-15 10:05:58,882 [INFO] PluginManager:220 - loadIPPluginJar : add touchsensing
2024-05-15 10:05:58,906 [INFO] IPUIPlugin:80 - create IPUIPlugin
2024-05-15 10:05:58,906 [INFO] PluginManager:220 - loadIPPluginJar : add tracer_emb
2024-05-15 10:05:58,933 [INFO] IPUIPlugin:80 - create IPUIPlugin
2024-05-15 10:05:58,933 [INFO] PluginManager:220 - loadIPPluginJar : add ts
2024-05-15 10:05:58,957 [INFO] IPUIPlugin:80 - create IPUIPlugin
2024-05-15 10:05:58,957 [INFO] PluginManager:220 - loadIPPluginJar : add tsc
2024-05-15 10:05:58,984 [INFO] IPUIPlugin:80 - create IPUIPlugin
2024-05-15 10:05:58,984 [INFO] PluginManager:220 - loadIPPluginJar : add ucpd
2024-05-15 10:05:59,038 [INFO] IPUIPlugin:80 - create IPUIPlugin
2024-05-15 10:05:59,038 [INFO] PluginManager:220 - loadIPPluginJar : add usart
2024-05-15 10:05:59,065 [INFO] ThirdPartyUpdaterWithRetryManager:70 - Updater plugin not ready yet. [2/15]
2024-05-15 10:05:59,088 [INFO] IPUIPlugin:80 - create IPUIPlugin
2024-05-15 10:05:59,088 [INFO] PluginManager:220 - loadIPPluginJar : add usbx
2024-05-15 10:05:59,240 [INFO] CADModel:165 - CPN selected for project level
2024-05-15 10:05:59,240 [INFO] CADModel:114 - Register for checkConnection events
2024-05-15 10:05:59,241 [FATAL] Updater:308 - Updater called before beeing initialized
2024-05-15 10:05:59,241 [ERROR] CADModel:125 - Updater not yet initialized, retry later 
2024-05-15 10:05:59,432 [INFO] CADModel:165 - CPN selected for project level
2024-05-15 10:05:59,432 [INFO] CADModel:114 - Register for checkConnection events
2024-05-15 10:05:59,432 [FATAL] Updater:308 - Updater called before beeing initialized
2024-05-15 10:05:59,432 [ERROR] CADModel:125 - Updater not yet initialized, retry later 
2024-05-15 10:05:59,436 [FATAL] Updater:308 - Updater called before beeing initialized
2024-05-15 10:05:59,600 [FATAL] Updater:308 - Updater called before beeing initialized
2024-05-15 10:05:59,616 [INFO] DbMcusAds:53 - JSON generation date=Thu Sep 30 08:55:09 CEST 2021 (1632984909247)
2024-05-15 10:05:59,616 [FATAL] Updater:308 - Updater called before beeing initialized
2024-05-15 10:05:59,718 [WARN] DetailPanel:346 - Failed to get advertising image, set to default
2024-05-15 10:05:59,825 [FATAL] Updater:308 - Updater called before beeing initialized
2024-05-15 10:05:59,827 [FATAL] Updater:308 - Updater called before beeing initialized
2024-05-15 10:05:59,828 [FATAL] Updater:308 - Updater called before beeing initialized
2024-05-15 10:05:59,828 [WARN] DetailPanel:346 - Failed to get advertising image, set to default
2024-05-15 10:05:59,829 [FATAL] Updater:308 - Updater called before beeing initialized
2024-05-15 10:05:59,941 [ERROR] Updater:1120 - MainUpdater not yet initialized. External WinMGr cannot be set.
2024-05-15 10:05:59,960 [INFO] Updater:1056 - Updater Version found : 6.11.0
2024-05-15 10:05:59,981 [INFO] ApplicationProperties:184 - Using Application install path: C:\ST\STM32CubeIDE_1.15.0\STM32CubeIDE\plugins\com.st.stm32cube.common.mx_6.11.0.202403141607
2024-05-15 10:06:01,579 [ERROR] LogOutputStream:75 - [STDERR_REDIRECT] May 15, 2024 10:06:01 AM java.util.prefs.WindowsPreferences <init>
2024-05-15 10:06:01,587 [ERROR] LogOutputStream:75 - [STDERR_REDIRECT] WARNING: Could not open/create prefs root node Software\JavaSoft\Prefs at root 0xffffffff80000002. Windows RegCreateKeyEx(...) returned error code 5.
2024-05-15 10:06:01,588 [ERROR] LogOutputStream:75 - [STDERR_REDIRECT] 
2024-05-15 10:06:01,964 [INFO] MainUpdater:2873 - connection check result : 10
2024-05-15 10:06:01,965 [INFO] MainUpdater:290 - Updater Check For Update Now.
2024-05-15 10:06:01,966 [INFO] MicroXplorer:498 - Change Database Version : DB.6.0.110
2024-05-15 10:06:01,992 [INFO] McuFinderGlobals:63 - Set McuFinder mode to 2 (CubeIDE integrated)
2024-05-15 10:06:01,993 [INFO] UserAuth:179 - activating auth plugin
2024-05-15 10:06:02,001 [INFO] UserAuth:415 - Internet connection configuration mode: 1
2024-05-15 10:06:02,045 [INFO] JxBrowserEngine:152 - Initiate JxBrowser Engine with user profile folder
2024-05-15 10:06:02,065 [WARN] MainUpdater:1194 - Updater busy. Cannot search thirdparties
2024-05-15 10:06:02,066 [INFO] ThirdPartyUpdaterWithRetryManager:96 - Updater plugin is busy. [1/15]
2024-05-15 10:06:02,292 [INFO] CheckServerUpdateThread:120 - End of CheckServer Thread
2024-05-15 10:06:05,400 [WARN] PackLoader:240 - Cannot read IP mode file for STMicroelectronics.FP-SNS-MOTENVWB1.1.4.0
2024-05-15 10:06:05,427 [WARN] PackLoader:240 - Cannot read IP mode file for STMicroelectronics.X-CUBE-SMBUS.2.1.0
2024-05-15 10:06:05,446 [WARN] PackLoader:240 - Cannot read IP mode file for STMicroelectronics.X-CUBE-TOUCHGFX.4.23.2
2024-05-15 10:06:05,528 [WARN] PackLoader:240 - Cannot read IP mode file for STMicroelectronics.X-CUBE-AZRTOS-F7.1.1.0
2024-05-15 10:06:05,554 [WARN] PackLoader:240 - Cannot read IP mode file for STMicroelectronics.FP-SNS-FLIGHT1.5.0.2
2024-05-15 10:06:05,583 [WARN] PackLoader:240 - Cannot read IP mode file for STMicroelectronics.X-CUBE-DISPLAY.3.0.0
2024-05-15 10:06:05,648 [WARN] PackLoader:240 - Cannot read IP mode file for STMicroelectronics.X-CUBE-BLE1.7.0.0
2024-05-15 10:06:05,670 [WARN] PackLoader:240 - Cannot read IP mode file for emotas.I-CUBE-CANOPEN.1.3.0
2024-05-15 10:06:05,731 [WARN] PackLoader:240 - Cannot read IP mode file for STMicroelectronics.X-CUBE-BLEMGR.3.1.0
2024-05-15 10:06:05,778 [WARN] PackLoader:240 - Cannot read IP mode file for STMicroelectronics.FP-SNS-SMARTAG2.1.2.0
2024-05-15 10:06:05,895 [INFO] LogOutputStream:77 - [STDOUT_REDIRECT] 1 : Invalid condition id : UX_CORESTACK_Condition cause : null
2024-05-15 10:06:05,896 [INFO] LogOutputStream:77 - [STDOUT_REDIRECT] 1 : Invalid condition id : UX_CORESTACK_Condition cause : null
2024-05-15 10:06:05,900 [INFO] LogOutputStream:77 - [STDOUT_REDIRECT] 1 : Invalid condition id : UX_CORESTACK_Condition cause : null
2024-05-15 10:06:05,902 [INFO] LogOutputStream:77 - [STDOUT_REDIRECT] 1 : Invalid condition id : UX_CORESTACK_Condition cause : null
2024-05-15 10:06:05,904 [INFO] LogOutputStream:77 - [STDOUT_REDIRECT] 1 : Invalid condition id : UX_CORESTACK_Condition cause : null
2024-05-15 10:06:05,912 [WARN] PackLoader:240 - Cannot read IP mode file for STMicroelectronics.X-CUBE-AZRTOS-WL.2.0.0
2024-05-15 10:06:05,998 [WARN] PackLoader:240 - Cannot read IP mode file for STMicroelectronics.FP-SNS-MOTENV1.5.0.0
2024-05-15 10:06:06,061 [WARN] PackLoader:240 - Cannot read IP mode file for WES.I-CUBE-Cesium.1.3.0
2024-05-15 10:06:06,080 [WARN] PackLoader:240 - Cannot read IP mode file for STMicroelectronics.X-CUBE-BLE2.3.3.0
2024-05-15 10:06:06,102 [WARN] PackLoader:240 - Cannot read IP mode file for STMicroelectronics.X-CUBE-TCPP.4.1.0
2024-05-15 10:06:06,144 [WARN] PackLoader:240 - Cannot read IP mode file for STMicroelectronics.X-CUBE-ALGOBUILD.1.3.0
2024-05-15 10:06:06,249 [WARN] PackLoader:240 - Cannot read IP mode file for STMicroelectronics.X-CUBE-AZRTOS-G0.1.1.0
2024-05-15 10:06:06,287 [WARN] PackLoader:240 - Cannot read IP mode file for STMicroelectronics.X-CUBE-SAFEA1.1.2.2
2024-05-15 10:06:06,312 [WARN] PackLoader:240 - Cannot read IP mode file for STMicroelectronics.X-CUBE-NFC4.3.0.0
2024-05-15 10:06:06,360 [WARN] PackLoader:240 - Cannot read IP mode file for wolfSSL.I-CUBE-wolfSSL.5.7.0
2024-05-15 10:06:06,482 [WARN] PackLoader:240 - Cannot read IP mode file for STMicroelectronics.FP-ATR-SIGFOX1.3.2.0
2024-05-15 10:06:06,503 [WARN] PackLoader:240 - Cannot read IP mode file for STMicroelectronics.X-CUBE-EEPRMA1.5.1.0
2024-05-15 10:06:06,573 [WARN] PackLoader:240 - Cannot read IP mode file for ITTIA_DB.I-CUBE-ITTIADB.8.9.0
2024-05-15 10:06:06,719 [WARN] PackLoader:240 - Cannot read IP mode file for SEGGER.I-CUBE-embOS.1.3.1
2024-05-15 10:06:07,323 [WARN] PackLoader:240 - Cannot read IP mode file for STMicroelectronics.X-CUBE-ALGOBUILD.1.4.0
2024-05-15 10:06:07,343 [WARN] PackLoader:240 - Cannot read IP mode file for STMicroelectronics.X-CUBE-GNSS1.6.0.0
2024-05-15 10:06:07,432 [WARN] PackLoader:240 - Cannot read IP mode file for STMicroelectronics.X-CUBE-AZRTOS-F4.1.1.0
2024-05-15 10:06:07,458 [WARN] PackLoader:240 - Cannot read IP mode file for STMicroelectronics.X-CUBE-FREERTOS.1.2.0
2024-05-15 10:06:07,524 [WARN] PackLoader:240 - Cannot read IP mode file for STMicroelectronics.X-CUBE-AZRTOS-L5.2.0.0
2024-05-15 10:06:07,558 [WARN] PackLoader:240 - Cannot read IP mode file for STMicroelectronics.X-CUBE-NFC6.3.1.0
2024-05-15 10:06:07,610 [WARN] PackLoader:240 - Cannot read IP mode file for STMicroelectronics.X-CUBE-AI.9.0.0
2024-05-15 10:06:07,642 [WARN] PackLoader:240 - Cannot read IP mode file for STMicroelectronics.X-CUBE-NFC7.1.0.1
2024-05-15 10:06:07,714 [WARN] PackLoader:240 - Cannot read IP mode file for STMicroelectronics.X-CUBE-AI.8.1.0
2024-05-15 10:06:07,763 [WARN] ConditionMgr:438 - getConditionDescription Invalid condition id : LAN8742 Phy interface Condition cause : null
2024-05-15 10:06:07,764 [WARN] PackLoader:240 - Cannot read IP mode file for STMicroelectronics.X-CUBE-AZRTOS-L4.2.0.0
2024-05-15 10:06:07,766 [WARN] ConditionMgr:1039 - genDependencies : Invalid condition id : LAN8742 Phy interface Condition cause : null
2024-05-15 10:06:07,766 [WARN] ConditionMgr:1039 - genDependencies : Invalid condition id : LAN8742 Phy interface Condition cause : null
2024-05-15 10:06:07,767 [WARN] ConditionMgr:1039 - genDependencies : Invalid condition id : LAN8742 Phy interface Condition cause : null
2024-05-15 10:06:07,827 [WARN] PackLoader:240 - Cannot read IP mode file for STMicroelectronics.X-CUBE-SFXS2LP1.4.0.0
2024-05-15 10:06:07,914 [WARN] ConditionMgr:438 - getConditionDescription Invalid condition id : UX DEVICE CLASS RTOS Condition cause : null
2024-05-15 10:06:07,914 [WARN] ConditionMgr:438 - getConditionDescription Invalid condition id : UX DEVICE CLASS RTOS Condition cause : null
2024-05-15 10:06:07,918 [WARN] PackLoader:240 - Cannot read IP mode file for STMicroelectronics.X-CUBE-AZRTOS-WB.2.0.0
2024-05-15 10:06:07,919 [WARN] ConditionMgr:1039 - genDependencies : Invalid condition id : UX DEVICE CLASS RTOS Condition cause : null
2024-05-15 10:06:07,919 [WARN] ConditionMgr:1039 - genDependencies : Invalid condition id : UX DEVICE CLASS RTOS Condition cause : null
2024-05-15 10:06:07,920 [WARN] ConditionMgr:1039 - genDependencies : Invalid condition id : UX DEVICE CLASS RTOS Condition cause : null
2024-05-15 10:06:07,920 [WARN] ConditionMgr:1039 - genDependencies : Invalid condition id : UX DEVICE CLASS RTOS Condition cause : null
2024-05-15 10:06:07,921 [WARN] ConditionMgr:1039 - genDependencies : Invalid condition id : UX DEVICE CLASS RTOS Condition cause : null
2024-05-15 10:06:08,017 [WARN] PackLoader:240 - Cannot read IP mode file for STMicroelectronics.X-CUBE-SUBG2.5.0.0
2024-05-15 10:06:08,126 [WARN] PackLoader:240 - Cannot read IP mode file for STMicroelectronics.X-CUBE-AZRTOS-G4.2.0.0
2024-05-15 10:06:08,157 [WARN] PackLoader:240 - Cannot read IP mode file for STMicroelectronics.FP-SNS-MOTENVWB1.1.3.1
2024-05-15 10:06:08,176 [WARN] PackLoader:240 - Cannot read IP mode file for STMicroelectronics.X-CUBE-ISPU.2.0.0
2024-05-15 10:06:08,278 [WARN] PackLoader:240 - Cannot read IP mode file for STMicroelectronics.X-CUBE-MEMS1.10.0.0
2024-05-15 10:06:08,602 [WARN] PackLoader:240 - Cannot read IP mode file for STMicroelectronics.X-CUBE-FREERTOS.1.1.0
2024-05-15 10:06:08,677 [WARN] PackLoader:240 - Cannot read IP mode file for portGmbH.I-Cube-SoM-uGOAL.1.1.0
2024-05-15 10:06:08,768 [WARN] PackLoader:240 - Cannot read IP mode file for STMicroelectronics.X-CUBE-ALS.1.0.1
2024-05-15 10:06:08,902 [WARN] PackLoader:240 - Cannot read IP mode file for STMicroelectronics.X-CUBE-AZRTOS-H7RS.1.0.0
2024-05-15 10:06:08,969 [WARN] PackLoader:240 - Cannot read IP mode file for STMicroelectronics.FP-ATR-ASTRA1.2.0.0
2024-05-15 10:06:09,053 [WARN] PackLoader:240 - Cannot read IP mode file for STMicroelectronics.X-CUBE-TOF1.3.4.1
2024-05-15 10:06:09,126 [WARN] PackLoader:240 - Cannot read IP mode file for STMicroelectronics.X-CUBE-AZRTOS-H7.3.2.0
2024-05-15 10:06:09,185 [WARN] PackLoader:240 - Cannot read IP mode file for Infineon.AIROC-Wi-Fi-Bluetooth-STM32.1.6.0
2024-05-15 10:06:09,192 [INFO] ThirdParty:978 - Integrity check success = true
2024-05-15 10:06:09,192 [INFO] IntegrityCheckThread:100 - exiting critical section [integrity check]
2024-05-15 10:06:09,192 [INFO] IntegrityCheckThread:103 - End integrity checks thread
2024-05-15 10:06:10,560 [INFO] WebApp:161 - Instantiating new browser for Auth
2024-05-15 10:06:11,618 [INFO] WebApp:779 - Register for checkConnection events
2024-05-15 10:06:11,618 [INFO] WebApp:414 - Apply proxy settings
2024-05-15 10:06:11,619 [INFO] WebApp:499 - Chromium requires no authentication
2024-05-15 10:06:11,633 [INFO] WebApp:442 - Direct internet connection detected
2024-05-15 10:06:11,873 [INFO] WebApp:192 - Starting web application
2024-05-15 10:06:11,873 [INFO] WebApp:544 - Web application path used C:\ST\STM32CubeIDE_1.15.0\STM32CubeIDE\plugins\com.st.stm32cube.common.mx_6.11.0.202403141607\db\plugins\mcufinder\reactClient1\index.html
