2024-05-13 16:29:09,818 [INFO] Activator:176 - 


2024-05-13 16:29:09,828 [INFO] Activator:177 - !SESSION log4j initialized
2024-05-13 16:29:28,321 [INFO] LogOutputStream:77 - [STDOUT_REDIRECT] 
2024-05-13 16:29:35,196 [INFO] ApplicationProperties:184 - Using Application install path: C:\ST\STM32CubeIDE_1.15.0\STM32CubeIDE\plugins\com.st.stm32cube.common.mx_6.11.0.202403141607
2024-05-13 16:29:35,251 [INFO] DbMcusXml:78 - Set database path to: C:\ST\STM32CubeIDE_1.15.0\STM32CubeIDE\plugins\com.st.stm32cube.common.mx_6.11.0.202403141607\\db\/mcu/
2024-05-13 16:29:35,252 [INFO] ApiDb:274 - Set plugin database path to: C:\ST\STM32CubeIDE_1.15.0\STM32CubeIDE\plugins\com.st.stm32cube.common.mx_6.11.0.202403141607\\db\/plugins/boardmanager/
2024-05-13 16:29:35,253 [WARN] ApiDb:259 - Overriding images path with different value:  => C:\ST\STM32CubeIDE_1.15.0\STM32CubeIDE\plugins\com.st.stm32cube.common.mx_6.11.0.202403141607\\db\/plugins/mcufinder/images/
2024-05-13 16:29:35,278 [INFO] ApiDb:250 - Set database path to: C:\Users\mouns\.stmcufinder\plugins\mcufinder//mcu/
2024-05-13 16:29:35,280 [INFO] DbMcusAds:125 - Set database path to: C:\Users\mouns\.stmcufinder\plugins\mcufinder//mcu/
2024-05-13 16:29:35,311 [INFO] CrossReferenceDbSqlite:203 - Set database path to: C:\Users\mouns\.stmcufinder\plugins\mcufinder//mcu/cs/
2024-05-13 16:29:35,565 [INFO] RulesReader:64 - Compatibility file has been processed (297 Rules)
2024-05-13 16:29:36,087 [INFO] DbMcusXml:78 - Set database path to: C:\ST\STM32CubeIDE_1.15.0\STM32CubeIDE\plugins\com.st.stm32cube.common.mx_6.11.0.202403141607\\db\/mcu/
2024-05-13 16:29:36,087 [INFO] ApiDb:274 - Set plugin database path to: C:\ST\STM32CubeIDE_1.15.0\STM32CubeIDE\plugins\com.st.stm32cube.common.mx_6.11.0.202403141607\\db\/plugins/boardmanager/
2024-05-13 16:29:36,087 [INFO] ApiDb:261 - Set plugin images path to: C:\ST\STM32CubeIDE_1.15.0\STM32CubeIDE\plugins\com.st.stm32cube.common.mx_6.11.0.202403141607\\db\/plugins/mcufinder/images/
2024-05-13 16:29:36,088 [WARN] DbFile:41 - Overriding database path with different value: C:\Users\mouns\.stmcufinder\plugins\mcufinder/ => C:\Users\mouns\.stmcufinder\plugins\mcufinder
2024-05-13 16:29:36,088 [INFO] ApiDb:250 - Set database path to: C:\Users\mouns\.stmcufinder\plugins\mcufinder//mcu/
2024-05-13 16:29:36,088 [WARN] DbFile:41 - Overriding database path with different value: C:\Users\mouns\.stmcufinder\plugins\mcufinder/ => C:\Users\mouns\.stmcufinder\plugins\mcufinder
2024-05-13 16:29:36,088 [INFO] DbMcusAds:125 - Set database path to: C:\Users\mouns\.stmcufinder\plugins\mcufinder//mcu/
2024-05-13 16:29:36,088 [WARN] DbFile:41 - Overriding database path with different value: C:\Users\mouns\.stmcufinder\plugins\mcufinder/ => C:\Users\mouns\.stmcufinder\plugins\mcufinder
2024-05-13 16:29:36,089 [WARN] DbFile:41 - Overriding database path with different value: C:\Users\mouns\.stmcufinder\plugins\mcufinder/ => C:\Users\mouns\.stmcufinder\plugins\mcufinder
2024-05-13 16:29:36,089 [INFO] CrossReferenceDbSqlite:203 - Set database path to: C:\Users\mouns\.stmcufinder\plugins\mcufinder//mcu/cs/
2024-05-13 16:29:36,350 [INFO] MainPanel:264 - HeapMemory: 268435456
2024-05-13 16:29:36,536 [INFO] DbMcusXml:78 - Set database path to: C:\ST\STM32CubeIDE_1.15.0\STM32CubeIDE\plugins\com.st.stm32cube.common.mx_6.11.0.202403141607\\db\/mcu/
2024-05-13 16:29:36,536 [INFO] ApiDb:274 - Set plugin database path to: C:\ST\STM32CubeIDE_1.15.0\STM32CubeIDE\plugins\com.st.stm32cube.common.mx_6.11.0.202403141607\\db\/plugins/boardmanager/
2024-05-13 16:29:36,536 [INFO] ApiDb:261 - Set plugin images path to: C:\ST\STM32CubeIDE_1.15.0\STM32CubeIDE\plugins\com.st.stm32cube.common.mx_6.11.0.202403141607\\db\/plugins/mcufinder/images/
2024-05-13 16:29:36,537 [WARN] DbFile:41 - Overriding database path with different value: C:\Users\mouns\.stmcufinder\plugins\mcufinder/ => C:\Users\mouns\.stmcufinder\plugins\mcufinder
2024-05-13 16:29:36,537 [INFO] ApiDb:250 - Set database path to: C:\Users\mouns\.stmcufinder\plugins\mcufinder//mcu/
2024-05-13 16:29:36,538 [WARN] DbFile:41 - Overriding database path with different value: C:\Users\mouns\.stmcufinder\plugins\mcufinder/ => C:\Users\mouns\.stmcufinder\plugins\mcufinder
2024-05-13 16:29:36,538 [INFO] DbMcusAds:125 - Set database path to: C:\Users\mouns\.stmcufinder\plugins\mcufinder//mcu/
2024-05-13 16:29:36,538 [WARN] DbFile:41 - Overriding database path with different value: C:\Users\mouns\.stmcufinder\plugins\mcufinder/ => C:\Users\mouns\.stmcufinder\plugins\mcufinder
2024-05-13 16:29:36,538 [WARN] DbFile:41 - Overriding database path with different value: C:\Users\mouns\.stmcufinder\plugins\mcufinder/ => C:\Users\mouns\.stmcufinder\plugins\mcufinder
2024-05-13 16:29:36,538 [INFO] CrossReferenceDbSqlite:203 - Set database path to: C:\Users\mouns\.stmcufinder\plugins\mcufinder//mcu/cs/
2024-05-13 16:29:36,596 [INFO] ApplicationProperties:184 - Using Application install path: C:\ST\STM32CubeIDE_1.15.0\STM32CubeIDE\plugins\com.st.stm32cube.common.mx_6.11.0.202403141607
2024-05-13 16:29:36,599 [INFO] PluginManage:196 - Search for loadable plugins [exclusion list=, ]
2024-05-13 16:29:36,602 [INFO] PluginManage:310 - Check plugin analytics
2024-05-13 16:29:36,946 [INFO] AnalyticsPlugin:253 - Accepted Software Licenses: 
2024-05-13 16:29:36,946 [INFO] AnalyticsPlugin:255 - Accepted CMSIS Pack Licenses: 
2024-05-13 16:29:36,946 [INFO] AnalyticsPlugin:257 - Accepted Firmware Licenses: 
2024-05-13 16:29:36,951 [INFO] PluginManage:359 - Loaded plugin analytics (category:tool,tabindex:-1)
2024-05-13 16:29:36,952 [INFO] PluginManage:310 - Check plugin cadmodel
2024-05-13 16:29:36,979 [INFO] CADModel:105 - Init CAD model plugin
2024-05-13 16:29:36,979 [INFO] PluginManage:359 - Loaded plugin cadmodel (category:power,tabindex:5)
2024-05-13 16:29:36,980 [INFO] PluginManage:310 - Check plugin clock
2024-05-13 16:29:37,018 [INFO] PluginManage:359 - Loaded plugin clock (category:base,tabindex:2)
2024-05-13 16:29:37,018 [INFO] PluginManage:310 - Check plugin ddr
2024-05-13 16:29:37,024 [INFO] PluginManage:359 - Loaded plugin ddr (category:tool,tabindex:6)
2024-05-13 16:29:37,024 [INFO] PluginManage:310 - Check plugin filemanager
2024-05-13 16:29:37,292 [INFO] PluginManage:359 - Loaded plugin filemanager (category:base,tabindex:10)
2024-05-13 16:29:37,292 [INFO] PluginManage:310 - Check plugin ipmanager
2024-05-13 16:29:37,324 [INFO] PluginManage:359 - Loaded plugin ipmanager (category:base,tabindex:5)
2024-05-13 16:29:37,325 [INFO] PluginManage:310 - Check plugin lpbam
2024-05-13 16:29:37,358 [INFO] PluginManage:359 - Loaded plugin lpbam (category:base,tabindex:0)
2024-05-13 16:29:37,359 [INFO] PluginManage:310 - Check plugin memorymap
2024-05-13 16:29:37,429 [INFO] PluginManage:359 - Loaded plugin memorymap (category:base,tabindex:4)
2024-05-13 16:29:37,429 [INFO] PluginManage:310 - Check plugin pinoutandconfiguration
2024-05-13 16:29:37,464 [INFO] PluginManage:359 - Loaded plugin pinoutandconfiguration (category:base,tabindex:1)
2024-05-13 16:29:37,464 [INFO] PluginManage:310 - Check plugin pinoutconfig
2024-05-13 16:29:37,706 [WARN] SupportedApi:132 - Cannot load RTOS API schema: s4s-elt-must-match.1: The content of 'definitions' must match (annotation?, (simpleType | complexType)?, (unique | key | keyref)*)). A problem was found starting at: attribute.
2024-05-13 16:29:38,011 [INFO] PluginManage:359 - Loaded plugin pinoutconfig (category:base,tabindex:0)
2024-05-13 16:29:38,011 [INFO] PluginManage:310 - Check plugin power
2024-05-13 16:29:38,054 [INFO] PluginManage:359 - Loaded plugin power (category:power,tabindex:4)
2024-05-13 16:29:38,055 [INFO] PluginManage:310 - Check plugin projectmanager
2024-05-13 16:29:38,082 [INFO] PluginManage:359 - Loaded plugin projectmanager (category:projectmanager,tabindex:3)
2024-05-13 16:29:38,082 [INFO] PluginManage:310 - Check plugin thirdparty
2024-05-13 16:29:38,578 [INFO] PluginManage:359 - Loaded plugin thirdparty (category:base,tabindex:-1)
2024-05-13 16:29:38,578 [INFO] PluginManage:310 - Check plugin tools
2024-05-13 16:29:38,579 [WARN] IntegrityCheckThread:84 - waiting for thirdparty lock release [integrity check]
2024-05-13 16:29:38,587 [INFO] IntegrityCheckThread:86 - entering critical section [integrity check]
2024-05-13 16:29:38,588 [INFO] ThirdPartyUpdaterWithRetryManager:70 - Updater plugin not ready yet. [1/15]
2024-05-13 16:29:38,657 [INFO] PluginManage:359 - Loaded plugin tools (category:base,tabindex:7)
2024-05-13 16:29:38,657 [INFO] PluginManage:310 - Check plugin tutovideos
2024-05-13 16:29:39,076 [INFO] PluginManage:359 - Loaded plugin tutovideos (category:base,tabindex:-1)
2024-05-13 16:29:39,077 [INFO] PluginManage:310 - Check plugin updater
2024-05-13 16:29:39,096 [INFO] PluginManage:359 - Loaded plugin updater (category:base,tabindex:12)
2024-05-13 16:29:39,096 [INFO] PluginManage:310 - Check plugin userauth
2024-05-13 16:29:39,106 [INFO] UserAuth:114 - Init User Auth plugin
2024-05-13 16:29:39,106 [INFO] PluginManage:359 - Loaded plugin userauth (category:base,tabindex:14)
2024-05-13 16:29:39,107 [INFO] PluginManage:283 - PluginManage : Loaded plugins [17]
2024-05-13 16:29:39,762 [INFO] PinOutPanel:1561 - setPackage(No Configuration,No Configuration)
2024-05-13 16:29:40,034 [INFO] CADModel:165 - CPN selected for project level
2024-05-13 16:29:40,035 [INFO] CADModel:114 - Register for checkConnection events
2024-05-13 16:29:40,108 [INFO] IPUIPlugin:80 - create IPUIPlugin
2024-05-13 16:29:40,108 [INFO] PluginManager:220 - loadIPPluginJar : add adc
2024-05-13 16:29:40,179 [INFO] IPUIPlugin:80 - create IPUIPlugin
2024-05-13 16:29:40,180 [INFO] PluginManager:220 - loadIPPluginJar : add aes
2024-05-13 16:29:40,263 [INFO] IPUIPlugin:80 - create IPUIPlugin
2024-05-13 16:29:40,263 [INFO] PluginManager:220 - loadIPPluginJar : add can
2024-05-13 16:29:40,306 [INFO] IPUIPlugin:80 - create IPUIPlugin
2024-05-13 16:29:40,307 [INFO] PluginManager:220 - loadIPPluginJar : add comp
2024-05-13 16:29:40,377 [INFO] IPUIPlugin:80 - create IPUIPlugin
2024-05-13 16:29:40,377 [INFO] PluginManager:220 - loadIPPluginJar : add cryp
2024-05-13 16:29:40,440 [INFO] IPUIPlugin:80 - create IPUIPlugin
2024-05-13 16:29:40,440 [INFO] PluginManager:220 - loadIPPluginJar : add dfsdm
2024-05-13 16:29:40,468 [INFO] IPUIPlugin:80 - create IPUIPlugin
2024-05-13 16:29:40,469 [INFO] PluginManager:220 - loadIPPluginJar : add dma
2024-05-13 16:29:40,561 [INFO] IPUIPlugin:80 - create IPUIPlugin
2024-05-13 16:29:40,562 [INFO] PluginManager:220 - loadIPPluginJar : add dma3
2024-05-13 16:29:40,657 [INFO] IPUIPlugin:80 - create IPUIPlugin
2024-05-13 16:29:40,657 [INFO] PluginManager:220 - loadIPPluginJar : add extmemmanager
2024-05-13 16:29:40,697 [INFO] IPUIPlugin:80 - create IPUIPlugin
2024-05-13 16:29:40,697 [INFO] PluginManager:220 - loadIPPluginJar : add fatfs
2024-05-13 16:29:40,798 [INFO] IPUIPlugin:80 - create IPUIPlugin
2024-05-13 16:29:40,798 [INFO] PluginManager:220 - loadIPPluginJar : add fmc
2024-05-13 16:29:40,832 [INFO] IPUIPlugin:80 - create IPUIPlugin
2024-05-13 16:29:40,833 [INFO] PluginManager:220 - loadIPPluginJar : add freertos
2024-05-13 16:29:40,874 [INFO] IPUIPlugin:80 - create IPUIPlugin
2024-05-13 16:29:40,874 [INFO] PluginManager:220 - loadIPPluginJar : add genericplugin
2024-05-13 16:29:41,079 [INFO] IPUIPlugin:80 - create IPUIPlugin
2024-05-13 16:29:41,079 [INFO] PluginManager:220 - loadIPPluginJar : add gfxmmu
2024-05-13 16:29:41,388 [INFO] IPUIPlugin:80 - create IPUIPlugin
2024-05-13 16:29:41,388 [INFO] PluginManager:220 - loadIPPluginJar : add gic
2024-05-13 16:29:41,413 [INFO] IPUIPlugin:80 - create IPUIPlugin
2024-05-13 16:29:41,413 [INFO] PluginManager:220 - loadIPPluginJar : add gpio
2024-05-13 16:29:41,589 [INFO] ThirdPartyUpdaterWithRetryManager:70 - Updater plugin not ready yet. [2/15]
2024-05-13 16:29:41,607 [INFO] IPUIPlugin:80 - create IPUIPlugin
2024-05-13 16:29:41,608 [INFO] PluginManager:220 - loadIPPluginJar : add gtzc
2024-05-13 16:29:41,675 [INFO] IPUIPlugin:80 - create IPUIPlugin
2024-05-13 16:29:41,676 [INFO] PluginManager:220 - loadIPPluginJar : add hash
2024-05-13 16:29:41,783 [INFO] IPUIPlugin:80 - create IPUIPlugin
2024-05-13 16:29:41,784 [INFO] PluginManager:220 - loadIPPluginJar : add i2c
2024-05-13 16:29:41,864 [INFO] IPUIPlugin:80 - create IPUIPlugin
2024-05-13 16:29:41,864 [INFO] PluginManager:220 - loadIPPluginJar : add i2s
2024-05-13 16:29:41,945 [INFO] IPUIPlugin:80 - create IPUIPlugin
2024-05-13 16:29:41,946 [INFO] PluginManager:220 - loadIPPluginJar : add i3c
2024-05-13 16:29:42,181 [INFO] IPUIPlugin:80 - create IPUIPlugin
2024-05-13 16:29:42,182 [INFO] PluginManager:220 - loadIPPluginJar : add ipddr
2024-05-13 16:29:42,390 [INFO] IPUIPlugin:80 - create IPUIPlugin
2024-05-13 16:29:42,390 [INFO] PluginManager:220 - loadIPPluginJar : add linkedlist
2024-05-13 16:29:42,469 [INFO] IPUIPlugin:80 - create IPUIPlugin
2024-05-13 16:29:42,469 [INFO] PluginManager:220 - loadIPPluginJar : add lorawan
2024-05-13 16:29:42,547 [INFO] IPUIPlugin:80 - create IPUIPlugin
2024-05-13 16:29:42,547 [INFO] PluginManager:220 - loadIPPluginJar : add ltdc
2024-05-13 16:29:42,579 [INFO] IPUIPlugin:80 - create IPUIPlugin
2024-05-13 16:29:42,579 [INFO] PluginManager:220 - loadIPPluginJar : add mdma
2024-05-13 16:29:42,604 [INFO] IPUIPlugin:80 - create IPUIPlugin
2024-05-13 16:29:42,605 [INFO] PluginManager:220 - loadIPPluginJar : add nvic
2024-05-13 16:29:42,686 [INFO] IPUIPlugin:80 - create IPUIPlugin
2024-05-13 16:29:42,686 [INFO] PluginManager:220 - loadIPPluginJar : add opamp
2024-05-13 16:29:42,824 [INFO] IPUIPlugin:80 - create IPUIPlugin
2024-05-13 16:29:42,824 [INFO] PluginManager:220 - loadIPPluginJar : add openamp
2024-05-13 16:29:42,927 [INFO] IPUIPlugin:80 - create IPUIPlugin
2024-05-13 16:29:42,927 [INFO] PluginManager:220 - loadIPPluginJar : add pdm2pcm
2024-05-13 16:29:42,958 [INFO] IPUIPlugin:80 - create IPUIPlugin
2024-05-13 16:29:42,963 [INFO] PluginManager:220 - loadIPPluginJar : add plateformsettings
2024-05-13 16:29:43,011 [INFO] IPUIPlugin:80 - create IPUIPlugin
2024-05-13 16:29:43,011 [INFO] PluginManager:220 - loadIPPluginJar : add quadspi
2024-05-13 16:29:43,032 [INFO] IPUIPlugin:80 - create IPUIPlugin
2024-05-13 16:29:43,032 [INFO] PluginManager:220 - loadIPPluginJar : add resmgrutility
2024-05-13 16:29:43,130 [INFO] IPUIPlugin:80 - create IPUIPlugin
2024-05-13 16:29:43,130 [INFO] PluginManager:220 - loadIPPluginJar : add sai
2024-05-13 16:29:43,207 [INFO] IPUIPlugin:80 - create IPUIPlugin
2024-05-13 16:29:43,207 [INFO] PluginManager:220 - loadIPPluginJar : add spi
2024-05-13 16:29:43,352 [INFO] IPUIPlugin:80 - create IPUIPlugin
2024-05-13 16:29:43,352 [INFO] PluginManager:220 - loadIPPluginJar : add stm32_wpan
2024-05-13 16:29:43,398 [INFO] IPUIPlugin:80 - create IPUIPlugin
2024-05-13 16:29:43,399 [INFO] PluginManager:220 - loadIPPluginJar : add tim
2024-05-13 16:29:43,519 [INFO] IPUIPlugin:80 - create IPUIPlugin
2024-05-13 16:29:43,519 [INFO] PluginManager:220 - loadIPPluginJar : add touchsensing
2024-05-13 16:29:43,564 [INFO] IPUIPlugin:80 - create IPUIPlugin
2024-05-13 16:29:43,564 [INFO] PluginManager:220 - loadIPPluginJar : add tracer_emb
2024-05-13 16:29:43,609 [INFO] IPUIPlugin:80 - create IPUIPlugin
2024-05-13 16:29:43,610 [INFO] PluginManager:220 - loadIPPluginJar : add ts
2024-05-13 16:29:43,650 [INFO] IPUIPlugin:80 - create IPUIPlugin
2024-05-13 16:29:43,650 [INFO] PluginManager:220 - loadIPPluginJar : add tsc
2024-05-13 16:29:43,693 [INFO] IPUIPlugin:80 - create IPUIPlugin
2024-05-13 16:29:43,693 [INFO] PluginManager:220 - loadIPPluginJar : add ucpd
2024-05-13 16:29:43,783 [INFO] IPUIPlugin:80 - create IPUIPlugin
2024-05-13 16:29:43,783 [INFO] PluginManager:220 - loadIPPluginJar : add usart
2024-05-13 16:29:43,869 [INFO] IPUIPlugin:80 - create IPUIPlugin
2024-05-13 16:29:43,869 [INFO] PluginManager:220 - loadIPPluginJar : add usbx
2024-05-13 16:29:44,054 [INFO] CADModel:165 - CPN selected for project level
2024-05-13 16:29:44,054 [INFO] CADModel:114 - Register for checkConnection events
2024-05-13 16:29:44,054 [FATAL] Updater:308 - Updater called before beeing initialized
2024-05-13 16:29:44,055 [ERROR] CADModel:125 - Updater not yet initialized, retry later 
2024-05-13 16:29:44,340 [INFO] CADModel:165 - CPN selected for project level
2024-05-13 16:29:44,340 [INFO] CADModel:114 - Register for checkConnection events
2024-05-13 16:29:44,341 [FATAL] Updater:308 - Updater called before beeing initialized
2024-05-13 16:29:44,341 [ERROR] CADModel:125 - Updater not yet initialized, retry later 
2024-05-13 16:29:44,346 [FATAL] Updater:308 - Updater called before beeing initialized
2024-05-13 16:29:44,580 [FATAL] Updater:308 - Updater called before beeing initialized
2024-05-13 16:29:44,592 [INFO] ThirdPartyUpdaterWithRetryManager:70 - Updater plugin not ready yet. [3/15]
2024-05-13 16:29:44,597 [INFO] DbMcusAds:53 - JSON generation date=Thu Sep 30 08:55:09 CEST 2021 (1632984909247)
2024-05-13 16:29:44,598 [FATAL] Updater:308 - Updater called before beeing initialized
2024-05-13 16:29:44,789 [WARN] DetailPanel:346 - Failed to get advertising image, set to default
2024-05-13 16:29:44,973 [FATAL] Updater:308 - Updater called before beeing initialized
2024-05-13 16:29:44,976 [FATAL] Updater:308 - Updater called before beeing initialized
2024-05-13 16:29:44,977 [FATAL] Updater:308 - Updater called before beeing initialized
2024-05-13 16:29:44,977 [WARN] DetailPanel:346 - Failed to get advertising image, set to default
2024-05-13 16:29:44,978 [FATAL] Updater:308 - Updater called before beeing initialized
2024-05-13 16:29:45,096 [ERROR] Updater:1120 - MainUpdater not yet initialized. External WinMGr cannot be set.
2024-05-13 16:29:45,115 [INFO] Updater:1056 - Updater Version found : 6.11.0
2024-05-13 16:29:45,146 [INFO] ApplicationProperties:184 - Using Application install path: C:\ST\STM32CubeIDE_1.15.0\STM32CubeIDE\plugins\com.st.stm32cube.common.mx_6.11.0.202403141607
2024-05-13 16:29:46,740 [ERROR] LogOutputStream:75 - [STDERR_REDIRECT] May 13, 2024 4:29:46 PM java.util.prefs.WindowsPreferences <init>
2024-05-13 16:29:46,745 [ERROR] LogOutputStream:75 - [STDERR_REDIRECT] WARNING: Could not open/create prefs root node Software\JavaSoft\Prefs at root 0xffffffff80000002. Windows RegCreateKeyEx(...) returned error code 5.
2024-05-13 16:29:46,746 [ERROR] LogOutputStream:75 - [STDERR_REDIRECT] 
2024-05-13 16:29:47,220 [INFO] MainUpdater:2873 - connection check result : 10
2024-05-13 16:29:47,221 [INFO] MainUpdater:290 - Updater Check For Update Now.
2024-05-13 16:29:47,222 [INFO] MicroXplorer:498 - Change Database Version : DB.6.0.110
2024-05-13 16:29:47,249 [INFO] McuFinderGlobals:63 - Set McuFinder mode to 2 (CubeIDE integrated)
2024-05-13 16:29:47,249 [INFO] UserAuth:179 - activating auth plugin
2024-05-13 16:29:47,256 [INFO] UserAuth:415 - Internet connection configuration mode: 1
2024-05-13 16:29:47,309 [INFO] JxBrowserEngine:152 - Initiate JxBrowser Engine with user profile folder
2024-05-13 16:29:47,531 [INFO] CheckServerUpdateThread:120 - End of CheckServer Thread
2024-05-13 16:29:47,950 [WARN] PackLoader:240 - Cannot read IP mode file for STMicroelectronics.FP-SNS-MOTENVWB1.1.4.0
2024-05-13 16:29:47,987 [WARN] PackLoader:240 - Cannot read IP mode file for STMicroelectronics.X-CUBE-SMBUS.2.1.0
2024-05-13 16:29:48,008 [WARN] PackLoader:240 - Cannot read IP mode file for STMicroelectronics.X-CUBE-TOUCHGFX.4.23.2
2024-05-13 16:29:48,117 [WARN] PackLoader:240 - Cannot read IP mode file for STMicroelectronics.X-CUBE-AZRTOS-F7.1.1.0
2024-05-13 16:29:48,235 [WARN] PackLoader:240 - Cannot read IP mode file for STMicroelectronics.FP-SNS-FLIGHT1.5.0.2
2024-05-13 16:29:48,287 [WARN] PackLoader:240 - Cannot read IP mode file for STMicroelectronics.X-CUBE-DISPLAY.3.0.0
2024-05-13 16:29:48,334 [WARN] PackLoader:240 - Cannot read IP mode file for STMicroelectronics.X-CUBE-BLE1.7.0.0
2024-05-13 16:29:48,365 [WARN] PackLoader:240 - Cannot read IP mode file for emotas.I-CUBE-CANOPEN.1.3.0
2024-05-13 16:29:48,412 [WARN] PackLoader:240 - Cannot read IP mode file for STMicroelectronics.X-CUBE-BLEMGR.3.1.0
2024-05-13 16:29:48,454 [WARN] PackLoader:240 - Cannot read IP mode file for STMicroelectronics.FP-SNS-SMARTAG2.1.2.0
2024-05-13 16:29:48,492 [INFO] LogOutputStream:77 - [STDOUT_REDIRECT] 1 : Invalid condition id : UX_CORESTACK_Condition cause : null
2024-05-13 16:29:48,493 [INFO] LogOutputStream:77 - [STDOUT_REDIRECT] 1 : Invalid condition id : UX_CORESTACK_Condition cause : null
2024-05-13 16:29:48,495 [INFO] LogOutputStream:77 - [STDOUT_REDIRECT] 1 : Invalid condition id : UX_CORESTACK_Condition cause : null
2024-05-13 16:29:48,500 [INFO] LogOutputStream:77 - [STDOUT_REDIRECT] 1 : Invalid condition id : UX_CORESTACK_Condition cause : null
2024-05-13 16:29:48,503 [INFO] LogOutputStream:77 - [STDOUT_REDIRECT] 1 : Invalid condition id : UX_CORESTACK_Condition cause : null
2024-05-13 16:29:48,521 [WARN] PackLoader:240 - Cannot read IP mode file for STMicroelectronics.X-CUBE-AZRTOS-WL.2.0.0
2024-05-13 16:29:48,552 [WARN] PackLoader:240 - Cannot read IP mode file for STMicroelectronics.FP-SNS-MOTENV1.5.0.0
2024-05-13 16:29:48,611 [WARN] PackLoader:240 - Cannot read IP mode file for WES.I-CUBE-Cesium.1.3.0
2024-05-13 16:29:48,632 [WARN] PackLoader:240 - Cannot read IP mode file for STMicroelectronics.X-CUBE-BLE2.3.3.0
2024-05-13 16:29:48,670 [WARN] PackLoader:240 - Cannot read IP mode file for STMicroelectronics.X-CUBE-TCPP.4.1.0
2024-05-13 16:29:48,706 [WARN] PackLoader:240 - Cannot read IP mode file for STMicroelectronics.X-CUBE-ALGOBUILD.1.3.0
2024-05-13 16:29:48,802 [WARN] PackLoader:240 - Cannot read IP mode file for STMicroelectronics.X-CUBE-AZRTOS-G0.1.1.0
2024-05-13 16:29:48,864 [WARN] PackLoader:240 - Cannot read IP mode file for STMicroelectronics.X-CUBE-SAFEA1.1.2.2
2024-05-13 16:29:48,886 [WARN] PackLoader:240 - Cannot read IP mode file for STMicroelectronics.X-CUBE-NFC4.3.0.0
2024-05-13 16:29:48,905 [WARN] PackLoader:240 - Cannot read IP mode file for wolfSSL.I-CUBE-wolfSSL.5.7.0
2024-05-13 16:29:48,927 [WARN] PackLoader:240 - Cannot read IP mode file for STMicroelectronics.FP-ATR-SIGFOX1.3.2.0
2024-05-13 16:29:48,949 [WARN] PackLoader:240 - Cannot read IP mode file for STMicroelectronics.X-CUBE-EEPRMA1.5.1.0
2024-05-13 16:29:48,974 [WARN] PackLoader:240 - Cannot read IP mode file for ITTIA_DB.I-CUBE-ITTIADB.8.9.0
2024-05-13 16:29:49,044 [WARN] PackLoader:240 - Cannot read IP mode file for SEGGER.I-CUBE-embOS.1.3.1
2024-05-13 16:29:49,144 [WARN] PackLoader:240 - Cannot read IP mode file for STMicroelectronics.X-CUBE-ALGOBUILD.1.4.0
2024-05-13 16:29:49,181 [WARN] PackLoader:240 - Cannot read IP mode file for STMicroelectronics.X-CUBE-GNSS1.6.0.0
2024-05-13 16:29:49,369 [WARN] PackLoader:240 - Cannot read IP mode file for STMicroelectronics.X-CUBE-AZRTOS-F4.1.1.0
2024-05-13 16:29:49,783 [WARN] PackLoader:240 - Cannot read IP mode file for STMicroelectronics.X-CUBE-FREERTOS.1.2.0
2024-05-13 16:29:49,836 [WARN] PackLoader:240 - Cannot read IP mode file for STMicroelectronics.X-CUBE-AZRTOS-L5.2.0.0
2024-05-13 16:29:49,884 [WARN] PackLoader:240 - Cannot read IP mode file for STMicroelectronics.X-CUBE-NFC6.3.1.0
2024-05-13 16:29:49,909 [WARN] PackLoader:240 - Cannot read IP mode file for STMicroelectronics.X-CUBE-AI.9.0.0
2024-05-13 16:29:49,934 [WARN] PackLoader:240 - Cannot read IP mode file for STMicroelectronics.X-CUBE-NFC7.1.0.1
2024-05-13 16:29:49,954 [WARN] PackLoader:240 - Cannot read IP mode file for STMicroelectronics.X-CUBE-AI.8.1.0
2024-05-13 16:29:50,000 [WARN] ConditionMgr:438 - getConditionDescription Invalid condition id : LAN8742 Phy interface Condition cause : null
2024-05-13 16:29:50,002 [WARN] PackLoader:240 - Cannot read IP mode file for STMicroelectronics.X-CUBE-AZRTOS-L4.2.0.0
2024-05-13 16:29:50,004 [WARN] ConditionMgr:1039 - genDependencies : Invalid condition id : LAN8742 Phy interface Condition cause : null
2024-05-13 16:29:50,004 [WARN] ConditionMgr:1039 - genDependencies : Invalid condition id : LAN8742 Phy interface Condition cause : null
2024-05-13 16:29:50,013 [WARN] ConditionMgr:1039 - genDependencies : Invalid condition id : LAN8742 Phy interface Condition cause : null
2024-05-13 16:29:50,042 [WARN] PackLoader:240 - Cannot read IP mode file for STMicroelectronics.X-CUBE-SFXS2LP1.4.0.0
2024-05-13 16:29:50,083 [WARN] ConditionMgr:438 - getConditionDescription Invalid condition id : UX DEVICE CLASS RTOS Condition cause : null
2024-05-13 16:29:50,083 [WARN] ConditionMgr:438 - getConditionDescription Invalid condition id : UX DEVICE CLASS RTOS Condition cause : null
2024-05-13 16:29:50,086 [WARN] PackLoader:240 - Cannot read IP mode file for STMicroelectronics.X-CUBE-AZRTOS-WB.2.0.0
2024-05-13 16:29:50,087 [WARN] ConditionMgr:1039 - genDependencies : Invalid condition id : UX DEVICE CLASS RTOS Condition cause : null
2024-05-13 16:29:50,087 [WARN] ConditionMgr:1039 - genDependencies : Invalid condition id : UX DEVICE CLASS RTOS Condition cause : null
2024-05-13 16:29:50,088 [WARN] ConditionMgr:1039 - genDependencies : Invalid condition id : UX DEVICE CLASS RTOS Condition cause : null
2024-05-13 16:29:50,088 [WARN] ConditionMgr:1039 - genDependencies : Invalid condition id : UX DEVICE CLASS RTOS Condition cause : null
2024-05-13 16:29:50,089 [WARN] ConditionMgr:1039 - genDependencies : Invalid condition id : UX DEVICE CLASS RTOS Condition cause : null
2024-05-13 16:29:50,121 [WARN] PackLoader:240 - Cannot read IP mode file for STMicroelectronics.X-CUBE-SUBG2.5.0.0
2024-05-13 16:29:50,188 [WARN] PackLoader:240 - Cannot read IP mode file for STMicroelectronics.X-CUBE-AZRTOS-G4.2.0.0
2024-05-13 16:29:50,209 [WARN] PackLoader:240 - Cannot read IP mode file for STMicroelectronics.FP-SNS-MOTENVWB1.1.3.1
2024-05-13 16:29:50,227 [WARN] PackLoader:240 - Cannot read IP mode file for STMicroelectronics.X-CUBE-ISPU.2.0.0
2024-05-13 16:29:50,324 [WARN] PackLoader:240 - Cannot read IP mode file for STMicroelectronics.X-CUBE-MEMS1.10.0.0
2024-05-13 16:29:50,529 [WARN] PackLoader:240 - Cannot read IP mode file for STMicroelectronics.X-CUBE-FREERTOS.1.1.0
2024-05-13 16:29:50,556 [WARN] PackLoader:240 - Cannot read IP mode file for portGmbH.I-Cube-SoM-uGOAL.1.1.0
2024-05-13 16:29:50,597 [WARN] PackLoader:240 - Cannot read IP mode file for STMicroelectronics.X-CUBE-ALS.1.0.1
2024-05-13 16:29:50,643 [WARN] PackLoader:240 - Cannot read IP mode file for STMicroelectronics.X-CUBE-AZRTOS-H7RS.1.0.0
2024-05-13 16:29:50,672 [WARN] PackLoader:240 - Cannot read IP mode file for STMicroelectronics.FP-ATR-ASTRA1.2.0.0
2024-05-13 16:29:50,711 [WARN] PackLoader:240 - Cannot read IP mode file for STMicroelectronics.X-CUBE-TOF1.3.4.1
2024-05-13 16:29:50,812 [WARN] PackLoader:240 - Cannot read IP mode file for STMicroelectronics.X-CUBE-AZRTOS-H7.3.2.0
2024-05-13 16:29:50,873 [WARN] PackLoader:240 - Cannot read IP mode file for Infineon.AIROC-Wi-Fi-Bluetooth-STM32.1.6.0
2024-05-13 16:29:50,898 [INFO] ThirdParty:978 - Integrity check success = true
2024-05-13 16:29:50,898 [INFO] IntegrityCheckThread:100 - exiting critical section [integrity check]
2024-05-13 16:29:50,898 [INFO] IntegrityCheckThread:103 - End integrity checks thread
2024-05-13 16:29:56,996 [INFO] WebApp:161 - Instantiating new browser for Auth
2024-05-13 16:29:58,428 [INFO] WebApp:779 - Register for checkConnection events
2024-05-13 16:29:58,428 [INFO] WebApp:414 - Apply proxy settings
2024-05-13 16:29:58,429 [INFO] WebApp:499 - Chromium requires no authentication
2024-05-13 16:29:58,451 [INFO] WebApp:442 - Direct internet connection detected
2024-05-13 16:29:58,944 [INFO] WebApp:192 - Starting web application
2024-05-13 16:29:58,944 [INFO] WebApp:544 - Web application path used C:\ST\STM32CubeIDE_1.15.0\STM32CubeIDE\plugins\com.st.stm32cube.common.mx_6.11.0.202403141607\db\plugins\mcufinder\reactClient1\index.html
