07:30:49 **** Incremental Build of configuration Debug for project 03_LCD ****
make all 
arm-none-eabi-gcc "C:/Users/mouns/git/Gruppe_07/modules/potis/potis.c" -mcpu=cortex-m4 -std=gnu11 -g3 -DSTM32 -DSTM32F4 -DSTM32F429ZITx -DSTM32F429I_DISC1 -DDEBUG -DSTM32F429xx -DUSE_HAL_DRIVER -c -I"C:/Users/mouns/git/Gruppe_07/03_LCD/HAL_Driver/Inc/Legacy" -I"C:/Users/mouns/git/Gruppe_07/03_LCD/../modules" -I"C:/Users/mouns/git/Gruppe_07/03_LCD/HAL_Driver/Inc" -I"C:/Users/mouns/git/Gruppe_07/03_LCD/inc" -I"C:/Users/mouns/git/Gruppe_07/03_LCD/CMSIS/core" -I"C:/Users/mouns/git/Gruppe_07/03_LCD/CMSIS/device" -O0 -ffunction-sections -Wall -fstack-usage -fcyclomatic-complexity -MMD -MP -MF"modules/potis/potis.d" -MT"modules/potis/potis.o" --specs=nano.specs -mfpu=fpv4-sp-d16 -mfloat-abi=hard -mthumb -o "modules/potis/potis.o"
arm-none-eabi-gcc -o "03_LCD.elf" @"objects.list"   -mcpu=cortex-m4 -T"C:\Users\mouns\git\Gruppe_07\03_LCD\LinkerScript.ld" --specs=nosys.specs -Wl,-Map="03_LCD.map" -Wl,--gc-sections -static --specs=nano.specs -mfpu=fpv4-sp-d16 -mfloat-abi=hard -mthumb -Wl,--start-group -lc -lm -Wl,--end-group
C:/ST/STM32CubeIDE_1.15.0/STM32CubeIDE/plugins/com.st.stm32cube.ide.mcu.externaltools.gnu-tools-for-stm32.12.3.rel1.win32_1.0.100.202403111256/tools/bin/../lib/gcc/arm-none-eabi/12.3.1/../../../../arm-none-eabi/bin/ld.exe: warning: 03_LCD.elf has a LOAD segment with RWX permissions
Finished building target: 03_LCD.elf
 
arm-none-eabi-size  03_LCD.elf 
   text	   data	    bss	    dec	    hex	filename
  14252	    104	   1992	  16348	   3fdc	03_LCD.elf
Finished building: default.size.stdout
 
arm-none-eabi-objdump -h -S 03_LCD.elf  > "03_LCD.list"
Finished building: 03_LCD.list
 
arm-none-eabi-objcopy  -O binary 03_LCD.elf  "03_LCD.bin"
Finished building: 03_LCD.bin
 

07:30:53 Build Finished. 0 errors, 1 warnings. (took 4s.656ms)

