07:30:54 **** Incremental Build of configuration Debug for project 04_Potis ****
make all 
arm-none-eabi-gcc "../src/main.c" -mcpu=cortex-m4 -std=gnu11 -g3 -DSTM32 -DSTM32F4 -DSTM32F429ZITx -DSTM32F429I_DISC1 -DDEBUG -DSTM32F429xx -DUSE_HAL_DRIVER -c -I"C:/Users/mouns/git/Gruppe_07/04_Potis/HAL_Driver/Inc/Legacy" -I"C:/Users/mouns/git/Gruppe_07/04_Potis/../modules" -I"C:/Users/mouns/git/Gruppe_07/04_Potis/HAL_Driver/Inc" -I"C:/Users/mouns/git/Gruppe_07/04_Potis/inc" -I"C:/Users/mouns/git/Gruppe_07/04_Potis/CMSIS/core" -I"C:/Users/mouns/git/Gruppe_07/04_Potis/CMSIS/device" -O0 -ffunction-sections -Wall -fstack-usage -fcyclomatic-complexity -MMD -MP -MF"src/main.d" -MT"src/main.o" --specs=nano.specs -mfpu=fpv4-sp-d16 -mfloat-abi=hard -mthumb -o "src/main.o"
arm-none-eabi-gcc "C:/Users/mouns/git/Gruppe_07/modules/potis/potis.c" -mcpu=cortex-m4 -std=gnu11 -g3 -DSTM32 -DSTM32F4 -DSTM32F429ZITx -DSTM32F429I_DISC1 -DDEBUG -DSTM32F429xx -DUSE_HAL_DRIVER -c -I"C:/Users/mouns/git/Gruppe_07/04_Potis/HAL_Driver/Inc/Legacy" -I"C:/Users/mouns/git/Gruppe_07/04_Potis/../modules" -I"C:/Users/mouns/git/Gruppe_07/04_Potis/HAL_Driver/Inc" -I"C:/Users/mouns/git/Gruppe_07/04_Potis/inc" -I"C:/Users/mouns/git/Gruppe_07/04_Potis/CMSIS/core" -I"C:/Users/mouns/git/Gruppe_07/04_Potis/CMSIS/device" -O0 -ffunction-sections -Wall -fstack-usage -fcyclomatic-complexity -MMD -MP -MF"modules/potis/potis.d" -MT"modules/potis/potis.o" --specs=nano.specs -mfpu=fpv4-sp-d16 -mfloat-abi=hard -mthumb -o "modules/potis/potis.o"
arm-none-eabi-gcc -o "04_Potis.elf" @"objects.list"   -mcpu=cortex-m4 -T"C:\Users\mouns\git\Gruppe_07\04_Potis\LinkerScript.ld" --specs=nosys.specs -Wl,-Map="04_Potis.map" -Wl,--gc-sections -static --specs=nano.specs -mfpu=fpv4-sp-d16 -mfloat-abi=hard -mthumb -Wl,--start-group -lc -lm -Wl,--end-group
C:/ST/STM32CubeIDE_1.15.0/STM32CubeIDE/plugins/com.st.stm32cube.ide.mcu.externaltools.gnu-tools-for-stm32.12.3.rel1.win32_1.0.100.202403111256/tools/bin/../lib/gcc/arm-none-eabi/12.3.1/../../../../arm-none-eabi/bin/ld.exe: warning: 04_Potis.elf has a LOAD segment with RWX permissions
Finished building target: 04_Potis.elf
 
arm-none-eabi-size  04_Potis.elf 
   text	   data	    bss	    dec	    hex	filename
  17792	    108	   2564	  20464	   4ff0	04_Potis.elf
Finished building: default.size.stdout
 
arm-none-eabi-objdump -h -S 04_Potis.elf  > "04_Potis.list"
Finished building: 04_Potis.list
 
arm-none-eabi-objcopy  -O binary 04_Potis.elf  "04_Potis.bin"
Finished building: 04_Potis.bin
 

07:30:57 Build Finished. 0 errors, 1 warnings. (took 3s.61ms)

